G2-D v0.3.10 PROFILE-D T12 REVISE PROJECTION CORRECTION INDEPENDENT RE-AUDIT
AUDIT_VERSION=v0.1
AUDIT_ROLE=INDEPENDENT_EVIDENCE_NOT_AUTHORITY
AUDIT_LOG_SELF_SHA256=NOT_SELF_RECORDED
AUDIT_COMMIT_IDENTITY=NOT_SELF_RECORDED
BASIS_COMMIT=36c43db9045d56666e961b54b4f9b272079f41a8
CONTRACT_COMMIT=99d6fbf3870b839852a4d3ea659eed548381f5ce
MAINTENANCE_COMMIT=2c9f2060ab0abf6dffa270dac4ffd7095d091d08
IMPLEMENTATION_COMMIT=41db6c6bfbf787c04d288c5ddb40e285118d06c1
IMPLEMENTATION_PARENT=2c9f2060ab0abf6dffa270dac4ffd7095d091d08
IMPLEMENTATION_PATCH_SHA256=f6ce9ada6fc2c557f0f1647d018b8f26b7d9a3d03ff3786dc5dda2a8c646ce94
IMPLEMENTATION_RUNTIME_SHA256=917caabd0c3e2033cfc57be71771abf9a87558e945b3d4f6713c48cd8796aa01
IMPLEMENTATION_TEST_SHA256=18c69854153d6ad85359f1bac984f50dab1743c3459b5547ae56305cfd5a89a4
OWNER_EVIDENCE_SHA256=19b8695bafba7f9fff04eb9045d1e60b7e319d1d72f52c0f05724499c64de7d0
POST_IMPLEMENTATION_SYNC_COMMIT=5dbf1116afbb010b8737e6fa3150907b6e29ae48
POST_IMPLEMENTATION_SYNC_EVIDENCE_SHA256=b02e34c06c41315988ce3d0db6a8c6f927c78d18db03ad6d2477069ccd0f723f
ACCEPTED_V0310_ADDENDUM_SHA256=1655fbed584e24c980dda723d9e7521b4540ec528128f436ec4f458f7f40563d
ACCEPTED_V039_SUFFIX_SHA256=1bbe028a4c757330b4ba94aec461e5bfbb1d1ef7496a68593dc20106c4867445
RECONSTRUCTED_CONTOUR_REGISTER_SHA256=dc0cdeb6b1dcf17d3f5da47774f314982ca46472fc2eae5a43ec0862e64a60f9
PUBLIC_REVISE_ACCOUNTING_REQUIRED=4/0
POSITIVE_BACKPRESSURE_LAW_CHANGED=NO
COMBINED_WATCHDOG_HARD_CEILING_SECONDS=7200
E4_RECONCILIATION_SUPPORTED_BUT_NOT_YET_ACCEPTED=true

REGISTERS
REGISTER_01_REPOSITORY_AND_SYNC_TIP=PASS
REGISTER_02_ANCESTRY_SUBJECTS_AND_SCOPES=PASS
REGISTER_03_IMPLEMENTATION_POSTIMAGES_MODES_AND_PATCH=PASS
REGISTER_04_ACCEPTED_ADDENDUM_AND_V039_SUFFIX=PASS
REGISTER_05_PROFILE_D_UNIQUE_NONELIGIBLE_DEADEND_PROJECTION=PASS
REGISTER_06_PUBLIC_REVISE_CALL_ACCOUNTING_4_0=PASS
REGISTER_07_POSITIVE_3_OF_3_BACKPRESSURE_PRESERVED=PASS
REGISTER_08_FOCUSED_T12_AND_G2D_92=PASS
REGISTER_09_TRANSITION_G2C_RELEASE_COMBINED=PASS
REGISTER_10_D5_TWO_PROCESS=PASS
REGISTER_11_LIVING_AND_KERNEL_CONFORMANCE=PASS
REGISTER_12_PROTECTED_CONSUMERS_AND_NO_LOWER_PATH_MUTATION=PASS
REGISTER_13_ZERO_PROVIDER_NETWORK_AUTHORITY_AND_EFFECT=PASS
REGISTER_14_BLOCKERS_AND_VERDICT=PASS

REGISTER_PASS_COUNT=14
REGISTER_FAILURE_COUNT=0
REGISTER_NOT_RUN_COUNT=0
AUDIT_BLOCKER_COUNT=0
AUDITED_STATE=POST_IMPLEMENTATION_LIFECYCLE_CONSISTENT
G2D_V0310_INDEPENDENT_REAUDIT=PASS
GATE2_STATUS=NOT_CLOSED
ROOT_ONLY_FINAL_AUTHORITY=true
REAL_WORLD_EFFECTS=0
