audit_id: auditor_e2e_core_promotion_hardening_slice3_v01
audit_status: PASS
runtime_commit: 4018bd7
previous_slice2_audit_commit: 4339d05
scope: Full Semantic E2E Core Promotion & Hardening Slice 3
slice: validation tail / Root writeback promotion

Scope:
- Existing Full Semantic E2E route was extended; no new runner was created.
- Changed files in runtime commit:
  - demo/run_full_semantic_e2e_v01.py
  - tests/test_full_semantic_e2e_v01_runner.py

Validation recorded:
- python3 -m demo.run_full_semantic_e2e_v01
- default runner: FINAL STATUS: PASS
- focused pytest: 189 passed, 40 warnings
- git diff --check: clean
- changed files exactly:
  - demo/run_full_semantic_e2e_v01.py
  - tests/test_full_semantic_e2e_v01_runner.py

Slice 3 promotion facts:
- ResultProposal is now invoked, not represented.
- Post V&V is now invoked through hedgehog.post_vv.validate_result_proposals.
- GT/LGT is now invoked through hedgehog.gt_validator.validate_gt.
- DRS writeback is now invoked after Root through hedgehog.local_drs_resolver.write_root_final_record.
- Root remains final authority.
- ResultProposal is not FinalOutput.
- Post V&V does not finalize.
- GT/LGT does not finalize.
- DRS writeback is local audit/memory only, not production persistence.
- No external/global DRS write.
- No payment executed.
- No shipment released.
- No connector called.

Observed counters:
- result_proposal_invoked_count: 1
- result_proposal_represented_count: 0
- post_vv_invoked_count: 1
- post_vv_represented_count: 0
- gt_lgt_invoked_count: 1
- gt_lgt_represented_count: 0
- drs_writeback_invoked_count: 1
- drs_writeback_represented_count: 0
- drs_writeback_after_root_count: 1
- local_drs_writeback_only_count: 1
- external_global_drs_write_count: 0
- production_persistence_claimed_count: 0
- payment_executed_count: 0
- shipment_released_count: 0
- connector_called_count: 0

Remaining boundary:
- This is not public WOW.
- This is not production-ready.
- This is not real payment/shipment execution.
- This is not NeedleFactory / Marennya / UP.
- Next engineering direction is hardening only against already-invoked E2E core boundaries, not another standalone proof runner.

Conclusion:
E2E Core Promotion & Hardening v0.1 Slice 3 PASS. The committed Full Semantic E2E route now invokes terminal ResultProposal handling, Post V&V, GT/LGT review, Root-only boundary consumption, and local DRS writeback after Root while preserving zero external-action counters, local audit/memory-only writeback, and Root final authority.
