audit_id: auditor_local_drs_v0_2_closure_before_avf_v01
audit_status: PASS
audited_layer: Local DRS v0.2 closure/boundary hardening before AVF v0.2
base_commit: 9c7c115
source_live_observation_audit: docs/audit_reports/auditor_local_drs_v0_2_full_wow_v1_2_live_observation_real_run_v01.log
production_ready_claimed: false
public_auditor_ready_claimed: false
real_world_effects_count: 0

Scope
- Audit-only.
- Runtime not modified by this audit.
- Tests not modified by this audit.
- Docs modified only by this audit log.
- Provider/model/network paths were not called by this audit.
- Secrets were not accessed or printed.
- No payment, shipment release, ActionCommitPacket, receipt, mock payment, sandbox adapter, or real bank/supplier/warehouse API call was executed by this audit.
- AVF v0.2, ActionCommitPacket hardening, Airline demo, Privacy demo, Finance Kill-Switch demo, Vendor onboarding demo, NeedleFactory, Marennya, UP, and new domains were not started.
- No production or public-auditor final-package claim.

Observed repository base
- git status --short --untracked-files=all: clean before audit log creation.
- git --no-pager log --oneline --max-count=12: latest commit observed as 9c7c115 Harden Local DRS v0.2 closure boundaries before AVF.
- git rev-parse --short HEAD: 9c7c115.

Audited closure changes
- audit wording mismatch fixed: deadend_record: blocked; deadend_proximity_blocks_or_downgrades_reuse present.
- TimeEnvelope / TemporalQuery / invalid TTL negative tests added or strengthened.
- DRS -> BSEP assertions strengthened.
- BSEP does not contain raw DRS tables.
- BSEP carries no DRS authority.
- DRS writeback candidate negative tests added.
- DRS writeback candidate cannot create action permission.
- DRS writeback candidate cannot create FinalOutput.
- DRS writeback candidate cannot persist production/global record.
- DRS writeback candidate before Root is rejected.
- No AVF implementation started.

Audited files
- docs/audit_reports/auditor_local_drs_v0_2_full_wow_v1_2_live_observation_real_run_v01.log
- hedgehog/local_drs_v02.py
- tests/test_drs_v02_local_lineage_reuse.py
- demo/run_full_wow_v1_2_manual_live_multillm_fractal_trace.py
- tests/test_full_wow_v1_2_manual_live_multillm_fractal_trace_runner.py

Validation commands run
- command: git status --short --untracked-files=all
  result: PASS
  observed_before_audit_file: clean
- command: git --no-pager log --oneline --max-count=12
  result: PASS
  observed_head_line: 9c7c115 Harden Local DRS v0.2 closure boundaries before AVF
- command: git rev-parse --short HEAD
  result: PASS
  observed_output: 9c7c115
- command: python3 -m py_compile hedgehog/local_drs_v02.py
  result: PASS
  observed_output: no output
- command: python3 -m py_compile demo/run_full_wow_v1_2_manual_live_multillm_fractal_trace.py
  result: PASS
  observed_output: no output
- command: PYTHONPATH=. .venv/bin/python -m pytest -q tests/test_drs_v02_local_lineage_reuse.py
  result: PASS
  tests_passed: 36
- command: PYTHONPATH=. .venv/bin/python -m pytest -q tests/test_full_wow_v1_2_manual_live_multillm_fractal_trace_runner.py
  result: PASS
  tests_passed: 45
- command: PYTHONPATH=. .venv/bin/python -m pytest -q tests/test_drs_v02_local_lineage_reuse.py tests/test_full_wow_v1_2_manual_live_multillm_fractal_trace_runner.py tests/test_full_wow_v1_2_product_trace_runner.py tests/test_human_full_wow_v1_2_live_fractal_story_runner.py
  result: PASS
  tests_passed: 110
- command: git status --short --untracked-files=all
  result: PASS
  observed_after_audit_file:
    - "?? docs/audit_reports/auditor_local_drs_v0_2_closure_before_avf_v01.log"
- command: git diff --stat
  result: PASS
  observed_output: empty because the audit log is untracked
- command: git diff --check
  result: PASS
  observed_output: no output
- command: git diff --name-only
  result: PASS
  observed_output: empty because the audit log is untracked
- command: positive closure grep over audited files
  result: PASS
  matched_required_markers: true
- command: forbidden boundary grep over this audit log and audited files
  result: PASS
  forbidden_matches_found: 0

Required findings
- finding_audit_wording_deadend_record_aligned: PASS
- finding_missing_time_envelope_rejected: PASS
- finding_missing_temporal_query_rejected: PASS
- finding_invalid_ttl_rejected: PASS
- finding_bsep_contains_bounded_drs_context: PASS
- finding_bsep_does_not_contain_raw_drs_tables: PASS
- finding_bsep_does_not_contain_drs_authority: PASS
- finding_drs_writeback_candidate_cannot_create_action_permission: PASS
- finding_drs_writeback_candidate_cannot_create_final_output: PASS
- finding_drs_writeback_candidate_cannot_persist_production_record: PASS
- finding_drs_writeback_candidate_before_root_rejected: PASS
- finding_no_avf_implementation: PASS
- finding_no_provider_network_gemini_calls: PASS
- finding_no_action_receipt_payment_shipment_effects: PASS
- finding_no_production_claim: PASS
- finding_no_public_auditor_claim: PASS

Boundary evidence
- missing_time_envelope is rejected.
- missing_temporal_query is rejected.
- invalid_ttl_seconds is rejected.
- source_root_boundary_evaluated must be true for the writeback candidate.
- local_proof_audit_only must be true for the writeback candidate.
- direct_reuse_allowed must be false for the writeback candidate.
- future_permission_created must be false for the writeback candidate.
- action_permission_created must be false for the writeback candidate.
- final_output_created_by_drs must be false for the writeback candidate.
- production_persisted must be false for the writeback candidate.
- persisted_to_global_drs must be false for the writeback candidate.
- BSEP contains bounded DRS context only.
- BSEP does not contain freshness_table, lineage_table, provenance_table, or reuse_decision_table dumps.
- BSEP does not carry DRS authority text.

Counter and effect summary
- provider_called_count: 0
- network_called_count: 0
- gemini_called_count: 0
- action_commit_packet_created_count: 0
- receipt_created_count: 0
- mock_payment_executed_count: 0
- real_payment_executed_count: 0
- shipment_released_count: 0
- real_world_effects_count: 0

Interpretation
This closure patch does not add a new live checkpoint.
It hardens Local DRS v0.2 boundaries so AVF v0.2 can later consume DRS candidates without ambiguity.

DRS v0.2 remains:
- not truth;
- not authority;
- not permission;
- context/warning/rerun/block only unless Root-gated direct reuse conditions explicitly pass;
- unable to create FinalOutput;
- unable to create action permission;
- unable to persist production/global DRS records;
- local proof/audit only for writeback candidate.

Expected changed file only
- docs/audit_reports/auditor_local_drs_v0_2_closure_before_avf_v01.log
