AUDIT_PURPOSE=independent X1 cross-domain comparison of closed Airline and Supplier sealed evidence
AUDIT_DECISION=CLOSED_PASS
PROGRAMME_ID=two_domain_all_real_sealed_evidence_program_v01
GATE_ID=two_domain_all_real_sealed_evidence_program_v01_x1_cross_domain_audit
EXECUTION_HEAD=fd745d5499aa58c1fdd070297ae27f91146e933a
X1_INDEX_PATH=docs/evidence/two_domain_all_real_sealed_evidence_program_v01/cross_domain_evidence_index_v01.json
X1_INDEX_ID=b77a68764bd50954afd6e15dc293466c0f44102e32401ed3e588659703fa28ec
X1_INDEX_SHA256=053f45ada6445da7508a7e53bfc130a7aa6602c87c24416d71aa19ecd00ad4b1
X1_INDEX_BYTE_COUNT=25745
X1_INDEX_MODE=0400
X1_FINAL_STATUS=PASS

AIRLINE_HEADS
source_execution_head=71764c8b41f26e94b9cfdc1e821f7d8e15df4149
p1_publication_head=6bf4b837e21be34a8828b5a8a1eb987cf945f839
p2_closure_head=4024ee41fb37452456eae991cf1ade6e6af5c43b

AIRLINE_IDENTITIES
accepted_safe_report_sha256=2a83abbee906a3ccd047728353dfd333424cd9898e2ae39e4eca0abbecb4def7
package_index_id=6314b619a99d03b9a32e5a3cd581f1f28e487e2677b42a3b7e2d88d2ba12375d
manifest_id=7b98bcbc23a0148a83c9b2d459f9d0ae35d9161c90a2938620c529e84049b8ee
package_content_hash=3d8aa5aab285ead0320acf29cd3bd0e791faf6e4ba7b4c7e5b67c268d0e0a248
anchor_publication_id=5c198968c12f30ffa3e4e06739d889d69665017c56020686f200bbe2e89dec99
anchored_verification_id=23fcd6aa8f3a5eeb788baa04a5a8181f2ebf39db194e6d6db781ae68dc49f972
replay_id=4b04d59c237d82ef1d87a3dc9b21170db1da5e91da2d862fd1ec5ad96f56f0b2
adapter_result_id=cc2449f0138940fc0a60f6f6281fc5319673fc0779faf282e3ee664f279a0379
domain_projection_id=1de80360cc04afe627c3387f111315bf78f122aac0379b6860902d184a21627c

AIRLINE_SOURCE_FILES
path=docs/evidence/two_domain_all_real_sealed_evidence_program_v01/airline/airline_safe_execution_report_attempt_04_v01.json sha256=2a83abbee906a3ccd047728353dfd333424cd9898e2ae39e4eca0abbecb4def7
path=docs/evidence/two_domain_all_real_sealed_evidence_program_v01/airline/airline_safe_package_index_v01.json sha256=333ee37ee3c5d85fb1158b4ad663f6464138fa2252007630f1bf2a4eae44cb25
path=docs/evidence/two_domain_all_real_sealed_evidence_program_v01/airline/airline_sealed_package_v01/evidence/01-airline-safe-execution-report-v01.json sha256=2a83abbee906a3ccd047728353dfd333424cd9898e2ae39e4eca0abbecb4def7
path=docs/evidence/two_domain_all_real_sealed_evidence_program_v01/airline/airline_sealed_package_v01/evidence/02-airline-source-lineage-v01.json sha256=c1562090af6212c66d7a7e23cfe82f31d84fa0e6bc0fc734f9c68d1e287b3555
path=docs/evidence/two_domain_all_real_sealed_evidence_program_v01/airline/airline_sealed_package_v01/evidence/03-airline-a2-typed-context-v01.json sha256=b8418e89e2d2b67a40ac83d255c976fdfbffefa3afabe6be774456bc0ff8a4aa
path=docs/evidence/two_domain_all_real_sealed_evidence_program_v01/airline/airline_sealed_package_v01/evidence/04-airline-sealed-evidence-adapter-result-v01.json sha256=26c0688c1ba46266604dd91b58991c1211de1642fca36128b6c42bcf1b293a70
path=docs/evidence/two_domain_all_real_sealed_evidence_program_v01/airline/airline_sealed_package_v01/sealed_package_manifest_v01.json sha256=691d39788df1738d0cd8698b5174ccdee36bf42c173582e089a6dbcf3bb074fe
path=docs/evidence/two_domain_all_real_sealed_evidence_program_v01/airline/airline_crypto_anchor_v01.json sha256=c551963a060f33d0407c4590db97ff4482277de7ac33b0c4fdd9ad1ed2d3d13c
path=docs/evidence/two_domain_all_real_sealed_evidence_program_v01/airline/airline_replay_report_v01.json sha256=9caa9361746660c08b8e20f75bba5e5f07336e8dfbf0ab744ec98e1d346dac39
path=docs/audit_reports/auditor_two_domain_airline_all_real_generation_attempt_04_v01.log sha256=9b2c4243512f6405eebdcf6cb606374d0d8d2b8593c440cb6e39556d4dd08760
path=docs/audit_reports/auditor_two_domain_airline_anchor_publication_v01.log sha256=1cfea24a111d226371a53be0d8c3eaa1d83d7ee53677b5c661b44512b21ca2cd
path=docs/audit_reports/auditor_two_domain_airline_anchored_replay_v01.log sha256=bf4a6f580e369181cb03a4bea31b817ce70421137d8296039e69797c43792abc
path=docs/evidence/two_domain_all_real_sealed_evidence_program_v01/airline/airline_human_story_v01.md sha256=488b9cef815184b2eb5cdd1109faac938497f344fbdcbc5a11d55e924f7b75f7

AIRLINE_GEOMETRY
live_llm_calls=12
local_validation_pass_results=12
independent_root_decisions=3
corridor_count=1
evidence_only_receipt_count=3
accepted_provider_network_gemini=12/12/12
real_world_effects=0
package_status=SELF_CONSISTENT_UNANCHORED
stored_anchor_status=EVIDENCE_ONLY
fresh_verification_status=ANCHORED_PASS
replay_status=PASS
semantic_scope=selection_and_routing_only
authority_or_permission_created_by_llm=false
real_payment_booking_or_ticket_created=false

SUPPLIER_HEADS
s1_implementation_head=e1fe7bfc44fe482814b1957840b6d8c434cad5c6
s2_closure_head=a092622d3b7028e3bdd79025c9194c3680175a5a
p1_publication_head=c4d853392bd1bf7efaf236be63d63cf6b7c9cfbe
p2_closure_head=fd745d5499aa58c1fdd070297ae27f91146e933a

SUPPLIER_IDENTITIES
accepted_s1_report_sha256=293a6ed1f0b943557e2bd33f2ac52f49610e8924574d2784af328d964ba1d666
accepted_s2_evidence_sha256=8d59848127872cc813d5941f4cce587155eadc5c50ea916c07487687d4ce9969
safe_evidence_index_id=8b3ae934b9fc20cd95a4eea2add9d58cecf3653c87a5a8e56bbd26367cab6f0b
safe_package_index_id=b32b500207f65ef3cb0691646a84c5d532b0c7e619bb1cff7766ef62ff9d0925
manifest_id=2fa0351036c242d2bb362eb0f35d824d5bb9fb26685d0014ad632f87f32a71a8
package_content_hash=04f1bdf8a0289600730f3af5bf14e17344c2fe9b987f7e6df4defc003798b0c3
anchor_publication_id=2308a41f244062ec19a30f9de6864fbb670f889cef20a3e028fbc6bb6ffe259f
anchored_verification_id=0d3438120e3bbb5f9c59309e015adaaa147b6aefa4263dcbf2bcfa19f28db529
replay_id=3157e9341c3e200d5bd3002f3a1858fc74188ad0fd86834e58300cb7d1d9c4ed
adapter_result_id=d3a235c3614d122b17dd785c019e6bf7b93c4029d5d0058b429a353366030499
scenario_index_id=b6ec902f266043bdef7f08ef73371fb1e5752aa84b5e87056be03b62953af20c
domain_projection_id=8edc4b087e458ef345d34a1ceabc928fc13ec9cc3c0173a41a1c16eb510c9475

SUPPLIER_SOURCE_FILES
path=docs/evidence/two_domain_all_real_sealed_evidence_program_v01/supplier_water_filter/supplier_safe_execution_report_v01.json sha256=293a6ed1f0b943557e2bd33f2ac52f49610e8924574d2784af328d964ba1d666
path=docs/evidence/two_domain_all_real_sealed_evidence_program_v01/supplier_water_filter/supplier_water_filter_negative_matrix_v01.json sha256=8d59848127872cc813d5941f4cce587155eadc5c50ea916c07487687d4ce9969
path=docs/evidence/two_domain_all_real_sealed_evidence_program_v01/supplier_water_filter/supplier_safe_evidence_index_v01.json sha256=6d197bf9a181c621ff130f1d1a2599b1ce007e6edffdf157c41c77f736d2df5f
path=docs/evidence/two_domain_all_real_sealed_evidence_program_v01/supplier_water_filter/supplier_safe_package_index_v01.json sha256=3a9502777cdb1c0d96cf7800d888ba5da0b19033ba0173049bf3a80e197ab200
path=docs/evidence/two_domain_all_real_sealed_evidence_program_v01/supplier_water_filter/supplier_sealed_package_v01/evidence/01-supplier-safe-evidence-index-v01.json sha256=6d197bf9a181c621ff130f1d1a2599b1ce007e6edffdf157c41c77f736d2df5f
path=docs/evidence/two_domain_all_real_sealed_evidence_program_v01/supplier_water_filter/supplier_sealed_package_v01/sealed_package_manifest_v01.json sha256=0f87bfc7234a5c0cf3cdca6530c77dcc9a5b1d84337a8809ee9c0794afd12c92
path=docs/evidence/two_domain_all_real_sealed_evidence_program_v01/supplier_water_filter/supplier_crypto_anchor_v01.json sha256=54cf0f57b3af138cb30311f11537980e9b2b6983cd428af17b326b96d1e23f8b
path=docs/evidence/two_domain_all_real_sealed_evidence_program_v01/supplier_water_filter/supplier_replay_report_v01.json sha256=666ab84f04a9f75bc510dade055d4d4e777712aeadb013cb79b00358aff9de55
path=docs/audit_reports/auditor_two_domain_supplier_water_filter_generation_v01.log sha256=3405c628f5d0612f86ad464743287dbfbe666b67da267d237b9ead4729da4616
path=docs/audit_reports/auditor_two_domain_supplier_anchor_publication_v01.log sha256=2e2d9400c2d992c9bd9d0a58f4ecfd50d7f6af988ea69545c67c2e8326c8109c
path=docs/audit_reports/auditor_two_domain_supplier_anchored_replay_v01.log sha256=7e5f4926355925a4e3f9e3b05fc0dabc830317307f0bce46d978a9a0687ca629
path=docs/evidence/two_domain_all_real_sealed_evidence_program_v01/supplier_water_filter/supplier_human_story_v01.md sha256=422087c73dfc7a84b5e3528395918d60e66e33b65812693f5159147daacbe533

SUPPLIER_GEOMETRY
live_llm_calls=6
accepted_local_semantic_validations=6
scenario_order=S-N1,S-N2,S-C1,S-P1,S-P2,S-F1,S-F2,S-F3,S-M1
preserved_s1_scenarios=5
validated_negative_scenarios=4
supplier_a_scope=limited_mock_path_only
supplier_b_status=BLOCKED
shipment_status=HELD
receipt_status=EVIDENCE_ONLY
business_outcome=MIXED
accepted_s1_provider_network_gemini=6/6/6
s2_s3_provider_network_gemini_effects=0/0/0/0
package_status=SELF_CONSISTENT_UNANCHORED
stored_anchor_status=EVIDENCE_ONLY
fresh_verification_status=ANCHORED_PASS
replay_status=PASS
real_world_effects=0

CLAIM_EVIDENCE_COVERAGE
claim_ids=X1-A01,X1-A02,X1-A03,X1-S01,X1-S02,X1-S03,X1-C01,X1-C02,X1-C03,X1-C04,X1-C05,X1-C06,X1-C07
claim_count=13
claims_with_explicit_evidence_refs=13
claims_with_source_hashes_or_identities=13
claims_validation_status=PASS
airline_claims_cover_geometry_semantic_boundary_and_sealed_chain=true
supplier_claims_cover_geometry_mixed_outcome_and_sealed_chain=true
cross_domain_claims_cover_authority_validation_corridor_receipt_freeze_replay_privacy_and_identity_separation=true

CHANGES
actor_count=12_vs_6
workflow=airline_transaction_vs_supplier_water_filter
party_geometry=three_party_purchase_vs_supplier_warehouse_payment_review
business_outcome=airline_pass_transaction_evidence_vs_supplier_mixed
domain_evidence=offers_and_ticket_rules_vs_invoices_legal_and_warehouse_blockers

UNCHANGED_INVARIANTS
llm_semantics_are_advisory_evidence=true
root_retains_authority=true
semantic_evidence_cannot_create_permission_or_action=true
local_validation_precedes_root_acceptance=true
corridor_is_bounded_by_root_created_scope=true
receipts_are_evidence_not_authority=true
package_bytes_freeze_before_anchor=true
anchor_bytes_freeze_before_replay=true
replay_is_offline_and_creates_no_action_or_effect=true
raw_prompts_responses_credentials_and_private_attempts_unpublished=true
domain_package_anchor_and_replay_identities_are_distinct=true
different_actor_counts_and_outcomes_do_not_change_authority_law=true

REQUIRED_NON_CLAIMS
not_production=true
not_production_certification=true
not_arbitrary_domain_certification=true
not_real_airline_bank_supplier_warehouse_gds_booking_ticket_payment_or_shipment_integration=true
not_production_pki_or_root_attestation=true
not_proof_of_semantic_truth=true
not_proof_external_world_changed=true

VALIDATION
descriptor_bound_no_follow_source_reads=PASS
strict_utf8_duplicate_key_nonfinite_and_canonical_json_checks=PASS
source_path_alias_escape_and_symlink_guards=PASS
airline_official_package_loader=PASS
airline_manifest_index_adapter_domain_projection_validation=PASS
airline_anchor_anchored_verification_and_replay_validation=PASS
supplier_s1_and_s2_independent_reconstruction=PASS
supplier_adapter_and_domain_projection_validation=PASS
supplier_manifest_indexes_anchor_anchored_verification_and_replay_validation=PASS
human_story_public_safe_binding_validation=PASS
source_bytes_before_after_equal=true
fresh_process_x1_rebuild_equal=true
focused_test_result=67_passed_0_failed_0_skipped_0_xfailed
compatibility_test_result=1795_passed_0_failed_0_skipped_0_xfailed
py_compile=PASS
git_diff_check=PASS

OPERATIONS_DURING_X1
provider_calls=0
network_calls=0
gemini_calls=0
package_calls=0
anchor_calls=0
replay_calls=0
payment_calls=0
shipment_calls=0
booking_calls=0
real_world_effects=0
