AUDIT_PURPOSE=independent Supplier Water Filter S3 P1 Package and Anchor publication audit
AUDIT_DECISION=PASS
OWNER_FLOW_RESULT=READY_FOR_S3_P1_OWNER_COMMIT
PROGRAMME_ID=two_domain_all_real_sealed_evidence_program_v01
DOMAIN_ID=supplier_water_filter
GATE_ID=two_domain_all_real_sealed_evidence_program_v01_s3_supplier_seal
PUBLICATION_BASE_HEAD=a092622d3b7028e3bdd79025c9194c3680175a5a

SOURCE_BINDINGS
accepted_s1_report_path=docs/evidence/two_domain_all_real_sealed_evidence_program_v01/supplier_water_filter/supplier_safe_execution_report_v01.json
accepted_s1_report_sha256=293a6ed1f0b943557e2bd33f2ac52f49610e8924574d2784af328d964ba1d666
accepted_s1_result_id=31059f0fa2566cc9040f813680a3c827f41c49f07db6b5885e040a0ed48b8bb5
accepted_s1_safe_execution_id=26a6d430fffded9119c5743796b2cbfccd87f67f6eee57e617a094bc9c41779c
accepted_s2_path=docs/evidence/two_domain_all_real_sealed_evidence_program_v01/supplier_water_filter/supplier_water_filter_negative_matrix_v01.json
accepted_s2_sha256=8d59848127872cc813d5941f4cce587155eadc5c50ea916c07487687d4ce9969
accepted_s2_result_id=9dcf7b78e99a391a64f39a961fbfa0f2e50482fdd9a9e970e68114f369fbcce9
supplier_adapter_result_id=d3a235c3614d122b17dd785c019e6bf7b93c4029d5d0058b429a353366030499
supplier_scenario_index_id=b6ec902f266043bdef7f08ef73371fb1e5752aa84b5e87056be03b62953af20c
supplier_domain_projection_id=8edc4b087e458ef345d34a1ceabc928fc13ec9cc3c0173a41a1c16eb510c9475
supplier_kernel_adapter_id=0b653be0c6bd513cd4ea6071a3b64300dff57866d7a3da66ebf25f17b8199bd9
supplier_kernel_manifest_hash=be16fae385580ff07bcde8c9ad49b14c97b46d347dcb403bcf7c57c75184042a

PACKAGE_AND_INDEX_IDENTITIES
safe_evidence_index_id=8b3ae934b9fc20cd95a4eea2add9d58cecf3653c87a5a8e56bbd26367cab6f0b
safe_package_index_id=b32b500207f65ef3cb0691646a84c5d532b0c7e619bb1cff7766ef62ff9d0925
manifest_id=2fa0351036c242d2bb362eb0f35d824d5bb9fb26685d0014ad632f87f32a71a8
package_content_hash=04f1bdf8a0289600730f3af5bf14e17344c2fe9b987f7e6df4defc003798b0c3
package_status=SELF_CONSISTENT_UNANCHORED
fixture_disposable=false
safe_member_count=1
safe_member_order=evidence/01-supplier-safe-evidence-index-v01.json
manifest_written_last=true

PUBLISHED_ARTIFACTS
path=docs/evidence/two_domain_all_real_sealed_evidence_program_v01/supplier_water_filter/supplier_sealed_package_v01/evidence/01-supplier-safe-evidence-index-v01.json sha256=6d197bf9a181c621ff130f1d1a2599b1ce007e6edffdf157c41c77f736d2df5f bytes=7899 mode=0600
path=docs/evidence/two_domain_all_real_sealed_evidence_program_v01/supplier_water_filter/supplier_sealed_package_v01/sealed_package_manifest_v01.json sha256=0f87bfc7234a5c0cf3cdca6530c77dcc9a5b1d84337a8809ee9c0794afd12c92 bytes=3622 mode=0600
path=docs/evidence/two_domain_all_real_sealed_evidence_program_v01/supplier_water_filter/supplier_safe_evidence_index_v01.json sha256=6d197bf9a181c621ff130f1d1a2599b1ce007e6edffdf157c41c77f736d2df5f bytes=7899 mode=0400
path=docs/evidence/two_domain_all_real_sealed_evidence_program_v01/supplier_water_filter/supplier_safe_package_index_v01.json sha256=3a9502777cdb1c0d96cf7800d888ba5da0b19033ba0173049bf3a80e197ab200 bytes=2472 mode=0400
path=docs/evidence/two_domain_all_real_sealed_evidence_program_v01/supplier_water_filter/supplier_crypto_anchor_v01.json sha256=54cf0f57b3af138cb30311f11537980e9b2b6983cd428af17b326b96d1e23f8b bytes=1387 mode=0600

ANCHOR_PUBLICATION
anchor_publication_id=2308a41f244062ec19a30f9de6864fbb670f889cef20a3e028fbc6bb6ffe259f
anchor_status=EVIDENCE_ONLY
anchored_pass_claimed=false
fresh_anchored_pass_verification_performed=false
replay_executed=false

SCENARIO_AND_BUSINESS_GEOMETRY
scenario_count=9
scenario_order=S-N1,S-N2,S-C1,S-P1,S-P2,S-F1,S-F2,S-F3,S-M1
business_outcome=MIXED
supplier_b_status=BLOCKED
shipment_status=HELD
receipt_status=EVIDENCE_ONLY
real_payment_executed=false
real_shipment_released=false
real_world_effects=0

CALL_GEOMETRY
accepted_s1_provider_network_gemini=6/6/6
s2_provider_network_gemini_effects=0/0/0/0
s3_p1_provider_network_gemini_effects=0/0/0/0
canonical_package_publication_invocations=1
canonical_anchor_publication_invocations=1
canonical_replay_publication_invocations=0

VALIDATION_EVIDENCE
temporary_package_index_anchor_round_trip=PASS
temporary_fixture_disposable=false
descriptor_reread_all_published_files=PASS
strict_canonical_json_validation=PASS
safe_file_validation=PASS
sealed_manifest_validation=PASS
safe_evidence_index_validation=PASS
safe_package_index_validation=PASS
external_anchor_publication_validation=PASS
accepted_s1_bytes_unchanged=true
accepted_s2_bytes_unchanged=true
focused_test_command=PYTHONBREAKPOINT=0 PYTHONDONTWRITEBYTECODE=1 PYTHONPATH=. .venv/bin/python -m pytest -q tests/test_two_domain_supplier_water_filter_program_v01_runner.py tests/test_supplier_water_filter_negative_matrix_v01_runner.py tests/test_supplier_water_filter_sealed_evidence_package_adapter_v01.py tests/test_sealed_evidence_package_v01_runner.py tests/test_sealed_evidence_anchor_v01_runner.py
focused_test_result=698 passed, 0 failed, 0 skipped, 0 xfailed
py_compile=PASS
git_diff_check_before_publication=PASS

BOUNDARIES
replay_report_absent=true
replay_audit_absent=true
human_story_absent=true
anchored_pass_is_not_claimed_at_p1=true
package_index_status_is_not_rewritten=true
mixed_business_outcome_is_not_rewritten=true
raw_prompt_published=false
raw_provider_response_published=false
credential_published=false
private_attempt_material_published=false
provider_network_gemini_effect_operations_during_p1=0/0/0/0
