HEDGEHOG OS / FRACTAL REFLEXIVE OS
GATE 2 / G2-D v0.3.9
FRESH INDEPENDENT READ-ONLY RE-AUDIT OF t12 REVISE-NO-PROGRESS CORRECTION
AFTER POST-IMPLEMENTATION LIFECYCLE SYNCHRONIZATION

1. Metadata and Audit Boundary

audit_id: auditor_fractal_runtime_g2_d_v039_t12_revise_no_progress_correction_v01
audit_status: PASS
audit_mode: independent_read_only_non_repairing
gate_slice: G2-D
contract_commit: 8638a3c7d0c2774de161a5e52a8aa62ac9db2aa3
release_consumer_maintenance_commit: b9d95605b960ce3837446b1bf38b665ce16f03fb
implementation_basis_commit: 7a915111e974bc62ff2a7bfe70e8d5a911da03fd
lifecycle_sync_commit: f7feaa3170717ee6347a6d3d531f376ec857041a
implementation_parent_commit: b9d95605b960ce3837446b1bf38b665ce16f03fb
audit_commit: NOT_YET_KNOWN
accepted_v039_addendum_sha256: 1bbe028a4c757330b4ba94aec461e5bfbb1d1ef7496a68593dc20106c4867445
implementation_patch_sha256: 442b68cdff95fc06a1176fcb4c3d64323110e197b771d5e932db5215b3d8bc13
lifecycle_sync_patch_sha256: 602cbafc8b40c2b05a2ec1530466b5d3832f7c95bcfc8d97fe7cb7da8d31f8d1
owner_evidence_bundle_sha256: fac5596484fb5207632ec6083eeaf2d3cb7d2fa4cdb8f726762d1d635e9e34a0
lifecycle_sync_evidence_sha256: a62578f36418771508289f879be06215b63115bac545587bd97f167507ae86bc
repair_required: false
blocker_count: 0
g2d_status_before_reclosure: REAUDIT_PENDING
g2e3_status: REVALIDATION_PENDING_ON_CORRECTED_G2D
g2e4_strict_subtree_status: IMPLEMENTED_COMMITTED_PASS
g2e4_anti_gaming_acceptance: BLOCKED_PENDING_G2D_V039_RECLOSURE
gate2_status: NOT_CLOSED

This audit independently reconstructed the committed contract, maintenance,
implementation, lifecycle synchronization, public geometry, t12 call chain,
negative matrix, and owner evidence. It used complete byte reads, Git object
and ancestry inspection, strict JSON parsing, Python AST parsing and
compilation, semantic resolution of aliases, computed tuples, computed
__all__, and parametrized item counts, plus safe archive inspection.

The audit imported no repository runtime module and ran no pytest, project
runtime, demo, D5, Living, Kernel Conformance, V06, G2-E4, provider, model,
network, connector, external DRS, or effect operation. Temporary auditor-tool
defects were corrected only under /tmp while repository bytes remained
unchanged. This audit is evidence only and creates no authority or closure.

2. Exact Audited Git Basis

Primary parked worktree:
path: /Users/admin/Projects/hedgehog-os
branch: main
local HEAD: 4cf427f82a096383ae5873024787c19e56ac0fb5
origin/main: f7feaa3170717ee6347a6d3d531f376ec857041a
dirty paths: hedgehog/kernel/continuous_delta_runtime_v01.py; tests/test_continuous_delta_runtime_g2_e_v01.py
parked patch sha256: 3c08807bcf8545b95ceca22ec13f1aa1cb2e8d2669ad72cf269ac2d077163aff
parked patch bytes/LF: 72430/1677
staging: empty
untracked: empty
operation state: no merge, rebase, cherry-pick, revert, or bisect
git diff --check: PASS

Isolated audited worktree:
path: /Users/admin/Projects/hedgehog-os-g2d-v039-isolated
branch: DETACHED
HEAD: f7feaa3170717ee6347a6d3d531f376ec857041a
origin/main: f7feaa3170717ee6347a6d3d531f376ec857041a
remote origin refs/heads/main: f7feaa3170717ee6347a6d3d531f376ec857041a
HEAD subject: Synchronize G2-D v0.3.9 post-implementation lifecycle
HEAD parent: 7a915111e974bc62ff2a7bfe70e8d5a911da03fd
origin URL: https://github.com/AAkhtanin/hedgehog-os.git
entry tracked diff: empty
entry staging: empty
entry untracked: empty
entry operation state: no merge, rebase, cherry-pick, revert, or bisect
entry git diff --check: PASS
pre-action mismatch count: 0

The remote reference was observed exactly before transient network name
resolution became unavailable. All later checks used the exact locally fetched
origin/main ref without network mutation or repository writes.

3. Exact Commit Lineage and Scope

Contract commit:
commit: 8638a3c7d0c2774de161a5e52a8aa62ac9db2aa3
parent: 4cf427f82a096383ae5873024787c19e56ac0fb5
subject: Accept G2-D v0.3.9 t12 revise-no-progress correction contract
changed paths: exactly the accepted ten contract/lifecycle paths

Release-consumer maintenance commit:
commit: b9d95605b960ce3837446b1bf38b665ce16f03fb
parent: 8638a3c7d0c2774de161a5e52a8aa62ac9db2aa3
subject: Align G2-D v0.3.9 release tests with implementation candidate
changed path: tests/test_repository_release_spine_v01.py only
patch sha256/bytes/LF: ca3a184a64810a45062e6369d010a16752f8b3dc163f27b4c198d3c2d488e66a/10128/233

Implementation commit:
commit: 7a915111e974bc62ff2a7bfe70e8d5a911da03fd
parent: b9d95605b960ce3837446b1bf38b665ce16f03fb
subject: Implement G2-D v0.3.9 t12 revise-no-progress correction
patch sha256/bytes/LF: 442b68cdff95fc06a1176fcb4c3d64323110e197b771d5e932db5215b3d8bc13/26107/560
paths/insertions/deletions: 2/470/23
paths: hedgehog/kernel/fractal_runtime_v02.py; tests/test_fractal_runtime_g2_d_v02.py

Lifecycle-sync commit:
commit: f7feaa3170717ee6347a6d3d531f376ec857041a
parent: 7a915111e974bc62ff2a7bfe70e8d5a911da03fd
subject: Synchronize G2-D v0.3.9 post-implementation lifecycle
patch sha256/bytes/LF: 602cbafc8b40c2b05a2ec1530466b5d3832f7c95bcfc8d97fe7cb7da8d31f8d1/78466/1202
paths/insertions/deletions: 8/506/215
new/deleted/renamed/mode-changed paths: 0/0/0/0

Exact lifecycle-sync numstat:
23 9 AGENTS.md
52 30 README.md
2 1 release/claim_to_evidence_index.md
13 6 release/current_limitations.md
22 8 release/current_release_notes.md
29 11 release/current_status_overlay_v01.json
29 11 specs/machine_manifest_v0_25.json
336 139 tests/test_repository_release_spine_v01.py

No implementation or lifecycle path was hidden in another commit. Every
lineage parent, subject, path set, modification status, and full-index binary
patch identity matched independently reconstructed Git objects.

4. Lifecycle-Sync Postimages

All postimages are mode 0644:
AGENTS.md sha256=b41f9409a76867aa5473c02ed771a293fce54f4a8a377952e716b9aa1cce8640 bytes=99557 LF=1150
README.md sha256=9b394bda9ecf4dbfd476b9e06b4ffb4c48c1d5796bc95610be257bdb700bc246 bytes=250970 LF=4015
release/claim_to_evidence_index.md sha256=a74dbb535ef282be316dd53759effb5c2475a351214392508f2b2e52cec273db bytes=15583 LF=42
release/current_limitations.md sha256=bb81c7404848b8ec609373f9b99895709fdc56adca34afa9b848a35b9e775500 bytes=5729 LF=83
release/current_release_notes.md sha256=cf389ebd69d91306d80118d535eb094b27c10d01a07446b4daa33c3530c155d4 bytes=6882 LF=128
release/current_status_overlay_v01.json sha256=47aefb9d05c6418004b003a418a5dcbd1718de8d405cb04ae5dc25dbe00be7b8 bytes=12820 LF=198
specs/machine_manifest_v0_25.json sha256=64b12e1015e982f20aae62157a6c50348d0ebd025fe015286fde40c79ed0fcd5 bytes=166332 LF=3502
tests/test_repository_release_spine_v01.py sha256=e99b6bcd93ad8f090e8c2111af1fb443b11f088e1266f36cb4627e5a37cb39b1 bytes=149165 LF=3518

Both JSON documents parsed strictly. The Machine Manifest current engineering
boundary and Current Status Overlay current boundary are exactly equal over
157 fields.

5. Accepted Contract and Historical Boundary

addendum path: docs/fractal_runtime_v0_2_g2_d_post_acceptance_contract_addendum_v01.md
addendum sha256: 1bbe028a4c757330b4ba94aec461e5bfbb1d1ef7496a68593dc20106c4867445
addendum bytes/LF: 212148/4185

V038_IMPLEMENTATION_NONCONFORMANCE=YES
V039_CONTRACT_SEMANTICS_CHANGED=NO
V039_ROLE=EXPLICIT_IMPLEMENTATION_NONCONFORMANCE_CLARIFICATION_AND_LIFECYCLE_REOPENING
guardian_ruling=APPROVE_WITH_MANDATORY_OVERLAY
isolated_worktree_strategy_approved=true
e4_two_path_only_implementation_sufficient=false
e4_public_end_to_end_carrier_overlay_required=true
revised_guardian_decision_required=false

The complete accepted v0.3.8 annex occurs exactly once and is byte-exact:
sha256: 09db4ff2224e59c878b967ba634084d72cd01b36f86edfa5fca2e9750e976ea6
bytes/LF: 197537/3828

Version v0.3.9 introduces no new semantic law, public type, field, signature,
schema definition, reason, validation target, failure stage, Transition rule,
facade name, authority, or effect. Historical v0.3.8 and earlier audit and
checkpoint evidence remains immutable evidence for exact historical bytes and
does not certify v0.3.9 bytes.

6. Implementation and Protected Identity Ledger

hedgehog/kernel/fractal_runtime_v02.py sha256=e1201de1f03d8d33353ae9edf026879214afab25eca6dcb9cd1670779b53bd08 bytes=797724 LF=18192 mode=0644
tests/test_fractal_runtime_g2_d_v02.py sha256=8119d7bf3647652a71754e62baeccb12665b323dc3b36c762c841e4ad56ef5bf bytes=561302 LF=12993 mode=0644

Protected identities:
schemas/fractal_runtime_v02.schema.json sha256=a70ea31721a08c9edaaeb7c7aa6a91abb2e6c92b408fd72f22f1165b4baef4e8
hedgehog/kernel/transition_registry_v01.py sha256=31492ba73aabc7139bc2bae17dbbd7bbf5b6c8496c8b64764faebeff3c2fc107
tests/test_transition_registry_v01.py sha256=c8c115d4120823ca30bc05c5eb0a475a1278060713a3faf903c5e4309f26f111
hedgehog/kernel/__init__.py sha256=99b2847d4dac09827b0a56cd820302052139654314ff02789363480cc98df4e0

The implementation commit changed no schema, Transition Registry, facade,
ABI, Root, G2-C, G2-E, Post V&V, GT, D5, Living, or Conformance source.

7. Exact Frozen Public Geometry

public G2-D dataclass types: 21
serialized types: 18
runtime-only types: 3
schema definitions: 18
canonical-module public functions: 116
Transition-profile public functions: 6
total public functions: 122
module __all__: 137
direct package G2-D attributes: 143
validation targets: 35
failure stages: 30
public reason codes: 220
Transition rules: 17
FractalRuntimeExecutionBundleV02 fields: 28
G2-D test functions/items: 83/92
Transition test functions/items: 60/268
D5 cases/split/accepted runs: 72/36-36/10

All 21 dataclass field sequences, all 116 public function names and
signatures, the computed module __all__ expression, the type/reason/target/stage
inventories, and the package exposure set were reconstructed semantically and
matched the accepted parent. Parametrized test counts were reconstructed from
AST without importing repository modules.

8. Public t12 Revise-No-Progress Chain

The strengthened public proof executes:
evaluate_fractal_revise_observation_v02
-> validate_fractal_revise_observation_v02
-> evaluate_fractal_runtime_state_transition_v02
-> g2d_t12_validating_to_deadend
-> RETURN_TO_ROOT
-> g2d_transition_deadend_recorded
-> advance_fractal_cell_queue_v02
-> DEADEND queue entry
-> public queue artifact and validation.

The test does not manually construct TransitionDecisionV01 and does not call a
private Transition Registry seam. The frozen t12 row, public evaluator result,
public queue successor, queue artifact, validation reports, parent references,
and trace relationships are exact.

9. Branch Precedence and Source Qualification

The runtime first rederives and structurally validates the supplied revise
observation through the public evaluator. It requires current VALIDATING state,
the exact D3-local node/cell/source relationship, historical t06 origin replay,
settled observation identity and canonical equality, exact observation,
evidence, advisory, queue-reason, cell/global budget, revision-round, and trace
lineage, plus an exact PASS validation report.

Only the exact profile revise_eligible=false, derived_terminal_state=DEADEND,
and reason_codes=(g2d_no_progress_deadend) sets revise_deadend. That qualified
branch precedes the generic D3-local allowed-outcome selection. A broad
revise_observation-is-not-None shortcut is absent.

10. t07 and Ordinary-Path Preservation

Eligible revise remains g2d_t07_validating_to_revise. The nonexistent literal
g2d_t07_validating_to_ready is absent from the repository. Ordinary D3-local
execution without revise evidence remains g2d_t08_validating_to_completed and
COMPLETED with its prior budget behavior.

Only evaluate_fractal_runtime_state_transition_v02 changed in production.
PARENT_RETURN, FRACTAL_CELL, child-result, activation-gate, POST_VV,
GT_ADVISORY, NEEDS_USER, backpressure, and revise-eligible implementation
branches remain otherwise unchanged. Accepted owner execution evidence covers
their complete consumers.

11. Queue, Revise, and Budget Layering

target DEADEND queue_reason_codes == source VALIDATING queue_reason_codes
revise observation reason_codes == (g2d_no_progress_deadend)
g2d_no_progress_deadend is absent from target queue_reason_codes

The non-PARENT_RETURN t12 path creates no budget successor. Cell/global budget
IDs and budget log remain unchanged. Observations, evidence, advisories,
source, parent, predecessor, and trace identity are preserved.

12. Exact Repeat and No-Spin

Two evaluations over identical validated source and revise material produce an
equal TransitionDecisionV01 with equal canonical bytes. Independent queue
advances produce equal DEADEND entries and artifacts with equal canonical
bytes and stable IDs. Both retain the unchanged budget log. Reentry from the
terminal DEADEND entry fails with g2d_terminal_queue_reentry_forbidden.

No cache, mutable global, wall-clock branch, random ID, UUID, or call-order
dependency was added. The path is deterministic, bounded, non-mutating, and
cannot consume additional budget or create an unbounded revise loop from
identical evidence.

13. Complete Negative Matrix and Anti-Gaming

Executable public-path tests reject:
- a manually forged revise observation ID;
- eligible revise substituted for terminal no-progress;
- changed repeated progress/evidence material;
- wrong derived terminal state;
- wrong revise reason;
- wrong revision index and invalid final revision index;
- wrong cell ID and queue-entry ID;
- wrong cell-budget and global-budget objects or IDs;
- wrong historical t06 origin;
- missing settled revise observation;
- foreign or stale validation report;
- changed source outputs, evidence, advisories, or queue reasons;
- a non-D3-local node;
- revise-reason contamination of target queue reasons;
- an attempted t12 budget successor.

The strengthened test contains 65 assertions and 11 executable raises checks,
compared with 7 and 1 in the accepted parent. It reaches the real public revise,
transition, and queue-advance functions. No callable-only, hasattr-only,
source-name-only, empty-tuple uniqueness, manual PASS, skip, xfail, or private
helper substitute serves as behavioral evidence.

14. Release-Consumer Maintenance

The maintenance commit changes exactly one release-test path. It freezes the
historical v0.3.8 runtime at the contract commit and freezes the exact v0.3.9
runtime, test, implementation patch SHA-256, bytes, LF, and path set. It
recognizes only the exact contract candidate/commit, exact one-path maintenance
commit, exact two-path implementation candidate/commit, and exact lifecycle
sync commit.

Arbitrary dirtiness, foreign commits, forged blob or patch identities, stale
status combinations, and premature CLOSED_PASS fail. Exact one-block marker,
ancestry, path-set, patch, blob, historical-basis, and negative-state checks
remain present. Release-test functions remain 18 and release plus maintenance
items remain 23.

15. Protected Consumers and Import Direction

The schema, Transition Registry, and package facade are unchanged. G2-D imports
no G2-E module or type. G2-C continues to own the accepted Root-reviewed route;
G2-D owns RuntimeExecutionTopology and stable topology-node/cell IDs; Root
remains the only final authority; Post V&V validates and GT advises. PlanGraph
remains historical/proof-donor material only.

D5, Living, Conformance, and G2-E source consumers are byte-identical to the
accepted implementation basis except for the separately committed exact
release-test maintenance and lifecycle synchronization surfaces.

16. Owner Execution Evidence

Archive: HEDGEHOG_G2D_V039_RELEASE_CONSUMER_MAINTENANCE_COMMITTED_AND_FULL_ACCEPTANCE_EVIDENCE_V01.tar.gz
sha256: fac5596484fb5207632ec6083eeaf2d3cb7d2fa4cdb8f726762d1d635e9e34a0
bytes/members: 777580/40

Reconciled exact results:
t12 focused: 1/1 PASS, public calls 0/0
release-consumer focused: 2/2 PASS, public calls 0/0
release plus maintenance: 23/23 PASS, public calls 0/0
complete G2-C: 392/392 PASS, public calls 0/0
G2-D plus Transition: 360/360 PASS, public calls 30/30
D5 two-process: PASS, 72 cases, split 36/36, 10 accepted bundles, calls 27/27 per process
D5 rendered sha256: ec05a8cf9377953abdf84b8a45af07afa3615bcaf78411be6a351fe895663f86
D5 report ID: frg2dproof_v02:3bf2eb39b8e4e2ea0fe5b7517f677da3b784c43b75d60bce09fb69524c7cc2e1
Living: 575/575 PASS, public calls 27/27
Kernel Conformance: 349/349 PASS, public calls 27/27
queue-reason layering: PASS
exact-repeat/no-spin: PASS
ordinary D3-local no-revise behavior: preserved
complete negative matrix: PASS

Every corresponding watchdog records hard ceiling not reached, child return
code zero, repository mutation false, and output reader failure false. Selector,
item, call, patch, source, and postimage identities match the archive result and
committed tree; summary labels were not accepted without their logs.

17. Lifecycle-Sync Evidence

Archive: HEDGEHOG_G2D_V039_POST_IMPLEMENTATION_LIFECYCLE_SYNC_EVIDENCE_V01.tar.gz
sha256: a62578f36418771508289f879be06215b63115bac545587bd97f167507ae86bc
bytes/members: 277916/30

The archive proves OUTCOME=PASS, exact eight-path patch 602cbafc8b40c2b05a2ec1530466b5d3832f7c95bcfc8d97fe7cb7da8d31f8d1,
static PASS, contract identity 1/1 PASS calls 0/0, focused release 4/4 PASS
calls 0/0, release plus maintenance 23/23 PASS calls 0/0, lifecycle matrix
PASS, final guard PASS, primary parked candidate preserved, staging unchanged,
and no commit or push inside the candidate action.

Both evidence archives are gzip mtime zero and contain exactly sorted, flat,
regular, mode-0644 members with uid/gid/mtime zero. Absolute paths, nested
paths, dot-dot traversal, links, devices, FIFOs, duplicate names, case-folded
semantic duplicates, size mismatches, and conflicting identities are absent.

18. Exact Current Lifecycle

gate2_status=NOT_CLOSED
g2d_status=REAUDIT_PENDING
g2d_contract_status=ACCEPTED_COMMITTED
g2d_contract_commit=8638a3c7d0c2774de161a5e52a8aa62ac9db2aa3
g2d_release_consumer_maintenance_commit=b9d95605b960ce3837446b1bf38b665ce16f03fb
g2d_runtime_implementation_status=IMPLEMENTED_COMMITTED_FULL_ACCEPTANCE_PASS
g2d_full_owner_acceptance_passed=true
g2d_corrected_implementation_committed=true
g2d_corrected_implementation_commit=7a915111e974bc62ff2a7bfe70e8d5a911da03fd
g2d_corrected_implementation_parent_commit=b9d95605b960ce3837446b1bf38b665ce16f03fb
g2d_corrected_implementation_patch_sha256=442b68cdff95fc06a1176fcb4c3d64323110e197b771d5e932db5215b3d8bc13
g2d_corrected_owner_evidence_bundle_sha256=fac5596484fb5207632ec6083eeaf2d3cb7d2fa4cdb8f726762d1d635e9e34a0
g2d_correction_implementation_authorized=false
g2d_implementation_action_open=false
g2d_independent_reaudit_required=true
g2d_independent_reaudit_passed=false
g2d_independent_reaudit_commit=NOT_CREATED
g2d_additive_reclosure_required=true
g2d_additive_reclosure_completed=false
g2d_corrected_closure_claimed=false
g2d_corrected_checkpoint_path=NOT_CREATED
g2e3_status=REVALIDATION_PENDING_ON_CORRECTED_G2D
g2e3_historical_v038_status=IMPLEMENTED_COMMITTED_ACCEPTANCE_PASS_ON_V038_G2D
g2e4_strict_subtree_status=IMPLEMENTED_COMMITTED_PASS
g2e4_anti_gaming_acceptance=BLOCKED_PENDING_G2D_V039_RECLOSURE
g2e5_status=NOT_STARTED_NOT_AUTHORIZED
g2e6_status=NOT_STARTED_NOT_AUTHORIZED
g2f_status=NOT_STARTED_NOT_AUTHORIZED
public_release_claimed=false
rc2_claimed=false
production_readiness_claimed=false
production_security_certification_claimed=false

Human and machine surfaces distinguish immutable historical v0.3.8 closure,
the committed and fully owner-accepted v0.3.9 implementation, current v0.3.9
REAUDIT_PENDING, G2-E3 revalidation pending, committed E4 strict-subtree PASS,
blocked E4 anti-gaming acceptance, and Gate 2/public/production nonclaims.

IMPLEMENTATION_IDENTITIES_EXACT=true
FULL_OWNER_ACCEPTANCE_PRESENT=true
INDEPENDENT_REAUDIT_STILL_PENDING=true
PREMATURE_RECLOSURE_ABSENT=true
HISTORICAL_V038_DISTINCT=true
G2E3_REVALIDATION_PENDING=true
E4_STRICT_SUBTREE_PASS_PRESERVED=true
E4_ANTI_GAMING_BLOCKED=true
CURRENT_LIFECYCLE_CONSISTENCY=PASS
LIFECYCLE_CLASSIFICATION=POST_IMPLEMENTATION_LIFECYCLE_CONSISTENT

19. Authority and Zero-Operation Boundary

Root remains the only final authority. The runtime correction, tests, owner
evidence, lifecycle synchronization, and this audit create no permission,
ActionCommitPacket, receipt, FinalOutput, DRS write, successor baseline,
provider/model/network/connector authority, external DRS action, or real-world
effect. Provider, model, network, connector, external-DRS, and effect operation
counts are zero. The audit does not claim G2-D CLOSED_PASS, G2-E3 acceptance,
G2-E4 anti-gaming acceptance, public release, or Gate-2 closure.

20. Complete Substantive Register

REGISTER_6.1_GIT_SCOPE_ANCESTRY_LIFECYCLE=PASS
REGISTER_6.2_CONTRACT_NO_NEW_SEMANTICS=PASS
REGISTER_6.3_EXACT_FROZEN_GEOMETRY=PASS
REGISTER_6.4_PUBLIC_T12_REVISE_NO_PROGRESS_REACHABILITY=PASS
REGISTER_6.5_BRANCH_PRECEDENCE_SOURCE_QUALIFICATION=PASS
REGISTER_6.6_T07_ORDINARY_PATH_PRESERVATION=PASS
REGISTER_6.7_QUEUE_REVISE_BUDGET_LAYERING=PASS
REGISTER_6.8_EXACT_REPEAT_NO_SPIN=PASS
REGISTER_6.9_NEGATIVE_MATRIX_ANTI_GAMING=PASS
REGISTER_6.10_RELEASE_CONSUMER_MAINTENANCE=PASS
REGISTER_6.11_PROTECTED_CONSUMERS_IMPORT_DIRECTION=PASS
REGISTER_6.12_OWNER_EXECUTION_EVIDENCE=PASS
REGISTER_6.13_AUTHORITY_ZERO_OPERATION=PASS
REGISTER_6.14_CURRENT_LIFECYCLE_CONSISTENCY=PASS

21. Blocker and Negative Finding Register

blocker_count: 0
contract_semantic_changes: 0
public_geometry_changes: 0
schema_changes: 0
Transition_rule_changes: 0
facade_changes: 0
unqualified_t12_paths: 0
queue_reason_layering_failures: 0
repeat_or_spin_failures: 0
negative_matrix_gaps: 0
release_consumer_weakening_findings: 0
owner_evidence_identity_mismatches: 0
lifecycle_status_mismatches: 0
authority_or_effect_findings: 0
repair_required: false

22. Independent Re-Audit Verdict

INDEPENDENT_REAUDIT=PASS
V039_IMPLEMENTATION_CONFORMS_TO_ACCEPTED_CONTRACT=true
V039_CONTRACT_SEMANTICS_CHANGED=false
POST_IMPLEMENTATION_LIFECYCLE_CONSISTENT=true
PUBLIC_T12_REVISE_NO_PROGRESS_CHAIN=PASS
T07_ELIGIBLE_REVISE_PRESERVED=PASS
QUEUE_REASON_LAYERING=PASS
EXACT_REPEAT_NO_SPIN=PASS
ORDINARY_D3_LOCAL_PRESERVED=PASS
COMPLETE_NEGATIVE_MATRIX=PASS
RELEASE_CONSUMER_ANTI_WEAKENING=PASS
CORRECTED_G2D_CLOSED_PASS=false
ADDITIVE_RECLOSURE_REQUIRED=true
FRESH_G2E3_V06_REQUIRED_AFTER_RECLOSURE=true
G2E4_PUBLIC_END_TO_END_CARRIER_REPAIR_REQUIRED_AFTER_V06=true

23. Required Next Lifecycle Step

This PASS is evidence only. After owner review and a separate audit-log commit,
the next permitted action is additive successor checkpoint, reclosure, and
release/status synchronization. Corrected G2-D may return to CLOSED_PASS only
through that separate action. One fresh unchanged G2-E3 V06 must then pass
before the G2-E4 public end-to-end conditional carrier repair resumes. G2-E5,
G2-E6, and G2-F remain not started and unauthorized. Gate 2 remains not closed.

24. Closing Flags

G2D_V039_INDEPENDENT_REAUDIT_PREACTION_GUARD=PASS
G2D_V039_INDEPENDENT_REAUDIT_REGISTER=PASS
G2D_V039_INDEPENDENT_REAUDIT_BLOCKER_COUNT=0
G2D_V039_LIFECYCLE_CLASSIFICATION=POST_IMPLEMENTATION_LIFECYCLE_CONSISTENT
G2D_V039_INDEPENDENT_REAUDIT=PASS
G2D_V039_IMPLEMENTATION_CONFORMS=true
G2D_V039_CORRECTED_CLOSED_PASS=false
G2D_V039_ADDITIVE_RECLOSURE_REQUIRED=true
G2E3_STATUS=REVALIDATION_PENDING_ON_CORRECTED_G2D
G2E4_STRICT_SUBTREE_STATUS=IMPLEMENTED_COMMITTED_PASS
G2E4_ANTI_GAMING_ACCEPTANCE=BLOCKED_PENDING_G2D_V039_RECLOSURE
G2E5_STARTED=false
G2E6_STARTED=false
G2F_STARTED=false
GATE2_STATUS=NOT_CLOSED
PYTEST_RUN=false
RUNTIME_RUN=false
STAGING_CHANGED=false
COMMIT_CREATED=false
PUSH_PERFORMED=false
