AUDIT_PURPOSE=independent Supplier Water Filter S3 P2 anchored Replay and Human Story audit
AUDIT_DECISION=PASS
OWNER_FLOW_RESULT=READY_FOR_SUPPLIER_P2_OWNER_COMMIT
PROGRAMME_ID=two_domain_all_real_sealed_evidence_program_v01
DOMAIN_ID=supplier_water_filter
GATE_ID=two_domain_all_real_sealed_evidence_program_v01_s3_supplier_seal
P1_HEAD=c4d853392bd1bf7efaf236be63d63cf6b7c9cfbe
NEXT_GATE=two_domain_all_real_sealed_evidence_program_v01_x1_cross_domain_audit

FROZEN_SOURCE_HASHES
agents_before_p2_sha256=5ed0b7c0fa31091b918425371970cbc0be6a7c878b09d326f1c420762cb908cc
accepted_s1_report_sha256=293a6ed1f0b943557e2bd33f2ac52f49610e8924574d2784af328d964ba1d666
accepted_s1_audit_sha256=3405c628f5d0612f86ad464743287dbfbe666b67da267d237b9ead4729da4616
accepted_s2_evidence_sha256=8d59848127872cc813d5941f4cce587155eadc5c50ea916c07487687d4ce9969
safe_evidence_index_sha256=6d197bf9a181c621ff130f1d1a2599b1ce007e6edffdf157c41c77f736d2df5f
package_member_sha256=6d197bf9a181c621ff130f1d1a2599b1ce007e6edffdf157c41c77f736d2df5f
manifest_sha256=0f87bfc7234a5c0cf3cdca6530c77dcc9a5b1d84337a8809ee9c0794afd12c92
safe_package_index_sha256=3a9502777cdb1c0d96cf7800d888ba5da0b19033ba0173049bf3a80e197ab200
anchor_sha256=54cf0f57b3af138cb30311f11537980e9b2b6983cd428af17b326b96d1e23f8b
anchor_publication_audit_sha256=2e2d9400c2d992c9bd9d0a58f4ecfd50d7f6af988ea69545c67c2e8326c8109c

FROZEN_IDENTITIES
safe_evidence_index_id=8b3ae934b9fc20cd95a4eea2add9d58cecf3653c87a5a8e56bbd26367cab6f0b
safe_package_index_id=b32b500207f65ef3cb0691646a84c5d532b0c7e619bb1cff7766ef62ff9d0925
manifest_id=2fa0351036c242d2bb362eb0f35d824d5bb9fb26685d0014ad632f87f32a71a8
package_content_hash=04f1bdf8a0289600730f3af5bf14e17344c2fe9b987f7e6df4defc003798b0c3
anchor_publication_id=2308a41f244062ec19a30f9de6864fbb670f889cef20a3e028fbc6bb6ffe259f
domain_projection_id=8edc4b087e458ef345d34a1ceabc928fc13ec9cc3c0173a41a1c16eb510c9475
adapter_result_id=d3a235c3614d122b17dd785c019e6bf7b93c4029d5d0058b429a353366030499
scenario_index_id=b6ec902f266043bdef7f08ef73371fb1e5752aa84b5e87056be03b62953af20c
anchored_verification_id=0d3438120e3bbb5f9c59309e015adaaa147b6aefa4263dcbf2bcfa19f28db529
replay_id=3157e9341c3e200d5bd3002f3a1858fc74188ad0fd86834e58300cb7d1d9c4ed

REPLAY_ARTIFACT
replay_path=docs/evidence/two_domain_all_real_sealed_evidence_program_v01/supplier_water_filter/supplier_replay_report_v01.json
replay_sha256=666ab84f04a9f75bc510dade055d4d4e777712aeadb013cb79b00358aff9de55
replay_byte_count=4267
replay_mode=0600
verification_status=ANCHORED_PASS
replay_status=PASS
anchor_verified=true
continuity_verified=true
integrity_verified=true
fixture_disposable=false
stored_anchor_status=EVIDENCE_ONLY
source_package_status=SELF_CONSISTENT_UNANCHORED

SCENARIO_AND_BUSINESS_GEOMETRY
scenario_count=9
scenario_order=S-N1,S-N2,S-C1,S-P1,S-P2,S-F1,S-F2,S-F3,S-M1
business_outcome=MIXED
supplier_b_status=BLOCKED
shipment_status=HELD
receipt_status=EVIDENCE_ONLY
real_payment_executed=false
real_shipment_released=false
real_world_effects=0

HUMAN_STORY
human_story_path=docs/evidence/two_domain_all_real_sealed_evidence_program_v01/supplier_water_filter/supplier_human_story_v01.md
human_story_sha256=422087c73dfc7a84b5e3528395918d60e66e33b65812693f5159147daacbe533
human_story_byte_count=12491
human_story_line_count=93
complete_public_safe_actor_summary_count=6
human_story_scenario_count=9

CALL_AND_EFFECT_GEOMETRY
accepted_s1_provider_network_gemini=6/6/6
s2_provider_network_gemini_effects=0/0/0/0
s3_p1_provider_network_gemini_effects=0/0/0/0
s3_p2_provider_network_gemini_effects=0/0/0/0
canonical_replay_invocations=1
semantic_rerun_count=0
root_decision_rerun_count=0
corridor_rerun_count=0

VALIDATION_EVIDENCE
temporary_offline_replay_proof=PASS
temporary_verification_status=ANCHORED_PASS
temporary_replay_status=PASS
canonical_replay_fresh_descriptor_validation=PASS
external_anchor_publication_validation=PASS
anchored_package_verification_validation=PASS
reconstructed_manifest_validation=PASS
sealed_replay_evidence_validation=PASS
package_bytes_before_after_equal=true
package_indexes_before_after_equal=true
anchor_bytes_before_after_equal=true
accepted_s1_bytes_before_after_equal=true
accepted_s2_bytes_before_after_equal=true
human_story_public_safe_validation=PASS
focused_test_command=PYTHONBREAKPOINT=0 PYTHONDONTWRITEBYTECODE=1 PYTHONPATH=. .venv/bin/python -m pytest -q tests/test_sealed_evidence_replay_v01_runner.py tests/test_sealed_evidence_anchor_v01_runner.py tests/test_sealed_evidence_package_v01_runner.py tests/test_supplier_water_filter_sealed_evidence_package_adapter_v01.py tests/test_supplier_water_filter_negative_matrix_v01_runner.py
focused_test_result=682 passed, 0 failed, 0 skipped, 0 xfailed
py_compile=PASS
git_diff_check_before_replay=PASS

PUBLICATION_BOUNDARIES
raw_prompt_published=false
raw_provider_response_published=false
credential_published=false
private_attempt_material_published=false
authority_created_by_replay=false
permission_created_by_replay=false
payment_created_by_replay=false
shipment_release_created_by_replay=false
production_action_created_by_replay=false
