HEDGEHOG OS G2-E CONTINUOUS DELTA RUNTIME INDEPENDENT CLOSURE AUDIT V01

AUDIT_ID=auditor_continuous_delta_runtime_g2_e_v01
AUDIT_CLASS=REPOSITORY_LEVEL_INDEPENDENT_CLOSURE_AUDIT
AUDIT_SCOPE=GATE2_G2E_CONTINUOUS_DELTA_RUNTIME_V0_1
AUDIT_BASIS_BRANCH=main
AUDIT_BASIS_HEAD=6079ddcfe59f582936e7b13af2753a6533117970
AUDIT_BASIS_ORIGIN_MAIN=6079ddcfe59f582936e7b13af2753a6533117970
AUDIT_METHOD=GIT_OBJECT_SOURCE_IDENTITY_ARCHIVE_JUNIT_AND_CONTROL_PLANE_DERIVATION
SOURCE_COLLECTORS_REPLAYED=false
REAL_WORLD_EFFECTS_COUNT=0

1. BASIS AND METHOD

This audit independently checks the committed G2-E implementation and control
plane. It does not infer closure from a copied PASS label. The evidence basis is
the committed Git graph, exact source identities, the safely validated V10
owner-review archive, its JUnit documents and receipts, the accepted G2-E
contracts, and the statically derived current Living and Conformance geometry.

The required first-parent implementation chain is exact:

  f582701208b603463a03d404aa841c302a8221d6
    Implement G2-E5 continuous delta runtime acceptance
  -> 7f3c7138b553096252fefee7930f89100d835fcd
    Reconcile G2-E6 Class-A control plane
  -> 4c133da11b8bcbd642e1aaa3413ce0a9c357731d
    Integrate G2-E6 Living Gauntlet and Kernel Conformance
  -> 6079ddcfe59f582936e7b13af2753a6533117970
    Repair G2-E6 post-successor control-plane tests

At audit start, main, HEAD, and local origin/main all resolved to the final
commit above, the index and worktree were clean, and no Git operation was
active. The Class-B commit changes exactly five implementation/integration
paths. The final repair commit changes exactly the two control-plane test
paths. No runtime path changes after the accepted Class-B commit.

2. ACCEPTED G2-E1 THROUGH G2-E4 BASIS

The accepted G2-E v0.1.4 preflight is SHA-256
83f36c9b2d47619a8c8ab997eba6b8ef16f2a3ab07cb3aecfc77ea82469f0d8b.
The accepted cumulative v0.1.3 addendum is SHA-256
2b982ecaed9dc5cea2373676d816840ca683c8190b69516c14688cbba9e452f8.
Their scoped contract and repository evidence establish:

  G2E1_STATUS=IMPLEMENTED_COMMITTED_ACCEPTANCE_PASS
  G2E1_IMPLEMENTATION_COMMIT=6112cd6ed1b7645ce997cb5cb45d1c77fde9ad58
  G2E2_STATUS=IMPLEMENTED_COMMITTED_ACCEPTANCE_PASS
  G2E2_IMPLEMENTATION_COMMIT=e7f80f16481e9e1afd85417d49d55d8b9d8e9c78
  G2E3_STATUS=IMPLEMENTED_COMMITTED_ACCEPTANCE_PASS_ON_CORRECTED_G2D
  G2E3_IMPLEMENTATION_COMMIT=7fef8617cdde0e8202e892414591c1726fa16cbc
  G2E4_STATUS=IMPLEMENTED_COMMITTED_ACCEPTANCE_PASS
  G2E4_ACCEPTANCE_CORRECTION_COMMIT=21176be090cab9aa9b8ea9cce2ae052bed8039da

These are scoped implementation and acceptance facts. Historical pending
statements embedded in cumulative contracts remain historical to the hop that
created them and do not override current lifecycle evidence.

3. G2-E5 COMMITTED IMPLEMENTATION

G2-E5 is committed at
f582701208b603463a03d404aa841c302a8221d6 with subject
"Implement G2-E5 continuous delta runtime acceptance". Git-object and current
worktree identities agree exactly:

  hedgehog/kernel/continuous_delta_runtime_v01.py
    sha256=97184c1f47548f8bab96f9a01644a2fb96dd23029fe917c522c6635c96ad099a
  demo/run_continuous_delta_runtime_g2_e_v01.py
    sha256=5a39f5ead5241cc529359d173bdf999ed190b1a5b2668828c0eeca8fbcb6433c
  tests/test_continuous_delta_runtime_g2_e_v01.py
    sha256=8d26d45a71334172b73fa30125b0e3ddfff74aeb66431af56594d75f9a7f4d8b

G2E5_STATUS=IMPLEMENTED_COMMITTED_ACCEPTANCE_PASS

4. G2-E6 COMMITTED SUCCESSOR

The Class-A reconciliation commit is
7f3c7138b553096252fefee7930f89100d835fcd. Its seven-path role is bounded to
the sanitized E6 control plane and does not itself claim implementation.

The Class-B implementation commit is
4c133da11b8bcbd642e1aaa3413ce0a9c357731d. Its five exact current identities
are:

  demo/run_living_gauntlet_v01.py
    sha256=99ea9b788a6d02b71afcc8e9e1b19fce834c50673c13a21f19a080658f37a9f7
  tests/test_living_gauntlet_v01_runner.py
    sha256=78228e0efbe02b5eb9d8bf841f9fb43c8b42ebdf55c1576cf45107bafa78a7b6
  hedgehog/kernel/conformance_v01.py
    sha256=3b04b62e960d5cab058a4d04bc5cbc92e20de39fdc297059298032cc176a4a62
  demo/run_kernel_conformance_v01.py
    sha256=9314eb3ba16ee333fa9066719023de4d2957679610a3748e26a0c6b25789411d
  tests/test_kernel_conformance_v01_runner.py
    sha256=d24bbac266b020b5c9d66f9376eead51cdf836fcb537fea393251a44d99a0ed0

The post-successor control-plane repair commit is
6079ddcfe59f582936e7b13af2753a6533117970. Its two exact test identities are:

  tests/test_active_architecture_authority_v01.py
    sha256=6c979026cd5b8728612fc6eff3e1d6b80de56f48f627429346026ca6ac0cd175
  tests/test_repository_release_spine_v01.py
    sha256=fc40a0b9e9e3168c003b62a4b79409e146d44f7a4644e608084495930afcdd9c

Static source derivation establishes the exact current geometry:

  RUNTIME_PHASE=POST_E6_SUCCESSOR
  LIVING_VERSION=v1.6
  LIVING_ACT_COUNT=17
  LIVING_APPENDED_ACT=continuous_delta_runtime
  CONFORMANCE_CORE_VERSION=v0.7
  CONFORMANCE_RUNNER_VERSION=v0.7
  CONFORMANCE_CATEGORY_COUNT=15
  CONFORMANCE_NEGATIVE_PROBE_COUNT=60
  CONFORMANCE_ACTIVE_REF_COUNT=16
  CONFORMANCE_DOMAIN_COUNT=2
  PROFILE_SUCCESSION=V05_HISTORICAL_TO_V06_HISTORICAL_TO_V07_CURRENT

The v0.5 all_layers_invariant_super_smoke identity remains historical evidence
only. It is absent from the v0.6 historical and v0.7 current active reference
sets and is not imported or executed by the current runners.

5. E5 OWNERSHIP AND ZERO-OPERATION LAW

The accepted canonical E6 reports bind one fresh public E5 collection to each
independent top-level Living or Conformance report. Living passes the same
publicly validated canonical E5 report to the shared Conformance builder. The
shared builder validates and renders that received report but collects E5 zero
times. Canonical SHA-256 and byte counts agree across the top-level and shared
receipts.

  DIRECT_CONFORMANCE_E5_COLLECTOR_CALLS=1
  LIVING_E5_COLLECTOR_CALLS=1
  LIVING_SHARED_CONFORMANCE_BUILDER_E5_COLLECTOR_CALLS=0
  SECOND_DELTA_RUNTIME_CALLS=0
  GLOBAL_OR_PROCESS_CACHE_REUSE=0
  TEST_FIXTURE_SUBSTITUTION=0
  PRIVATE_G2D_CALLS=0
  RECONSTRUCTED_E5_CASES=0

The current report fields and validators require zero provider, model,
network, connector, external-DRS, ActionCommitPacket, permission, receipt,
FinalOutput, DRS-write, authority, and real-world-effect counts. G2-E selects
bounded recomputation and evidence; it creates no Root authority.

6. ACCEPTED EXECUTION AND CONTROL-PLANE EVIDENCE

The exact V10 archive is:

  HEDGEHOG_G2E6_CLASS_A_RELEASE_SPINE_POST_E6_SUCCESSION_REPAIR_V10_RETURN_20260829T061831Z.tar.gz
  sha256=33942d30f59d9f63dafa0c0f633b2f7e53c2b9f8e7f634b1dc798942e97e8573
  bytes=253612
  regular_members=57
  manifest_data_rows=56

Independent safe extraction verified its regular, unique, traversal-safe
members and manifest identities. Its JUnit documents prove focused release
3/3, release-spine 32/32, focused authority 3/3, and authority 941/941, all
with zero failures, errors, skips, xfails, xpasses, deselections, or timeouts.

The accepted long runtime evidence is 400 Kernel Conformance tests and 595
Living Gauntlet tests. V10's dependency receipt reuses that evidence only after
proving the five Class-B identities above are unchanged and that the sole V10
release-test mutation is not imported by either runtime test module. The later
owner commits preserve those five bytes exactly. This audit therefore reuses
the 400/595 evidence without claiming those long suites were rerun here.

  KERNEL_RUNTIME_EVIDENCE=400_PASSED
  LIVING_RUNTIME_EVIDENCE=595_PASSED
  RUNTIME_EVIDENCE_REUSE_DEPENDENCY_PROOF=PASS

The predecessor release files remain byte-frozen evidence and are not current
E6 execution inputs:

  release/completion_manifest.json
    sha256=4ae53a074dd49440c191928b10b390120cc97aa7c04f23c3ddc9771fd914d5b9
  release/integration_seam_index.json
    sha256=4b0d65b84ca253b2a41b03777ae64a67f9ca048608b0d9648196129c1754fb03

7. VERDICT AND NONCLAIMS

The committed evidence supports closure of the bounded G2-E Gate-2 slice. It
does not support closing Gate 2 or starting the next slice. It does not support
public release, RC2, production readiness, production security certification,
external action, or a nonzero real-world effect claim.

AUDIT_VERDICT=PASS
G2E6_STATUS=IMPLEMENTED_COMMITTED_ACCEPTANCE_PASS
G2E_STATUS=CLOSED_PASS
G2F_STATUS=NEXT_NOT_STARTED_NOT_AUTHORIZED
G2F_IMPLEMENTATION_AUTHORIZED=false
GATE2_STATUS=NOT_CLOSED
PUBLIC_RELEASE_STATUS=NOT_CLAIMED
RC2_STATUS=NOT_CLAIMED
PRODUCTION_READINESS_STATUS=NOT_CLAIMED
PRODUCTION_SECURITY_CERTIFICATION_STATUS=NOT_CLAIMED
AUTHORITY_CREATED=false
REAL_WORLD_EFFECTS_COUNT=0
