AIRLINE CRYPTO ARTIFACT SEAL V0.1 SLICE E1 ANCHOR PUBLICATION AUDIT

[AUDIT IDENTITY]
audit_id: auditor_airline_crypto_artifact_seal_slice_e1_anchor_publication_v01
audit_status: PASS
publication_slice: airline_crypto_artifact_seal_v01_slice_e1
package_generation_base_head: 905844c

[REPOSITORY GUARD]
head: 905844c
origin_main: 905844c
generation_started_from_clean_worktree: true
staged_files_before_generation: 0

[PRIOR FAIL-CLOSED ATTEMPT]
one_prior_pre_publication_attempt_failed_closed: true
stable_reason: source_document_parsed_with_wrong_canonical_seal_profile
prior_official_package_persisted: false
prior_anchor_persisted: false
retry_official_generation_invocation_count: 1

[PACKAGE GENERATION]
official_package_relative_path: .tmp/airline_crypto_artifact_seal_slice_e1/airline_crypto_artifact_seal_slice_e1_offline_905844c
source_package_ref: airline_crypto_artifact_seal_slice_e1_offline_905844c
official_package_generation_invocation_count: 1
package_final_status: PASS
crypto_status: SELF_CONSISTENT_UNANCHORED
manifest_artifact_count: 1
verification_artifact_count: 1

[GENERATION MODE]
provider_mode: fake_provider
local_deterministic_fake_provider_calls: 12
real_provider_calls: 0
provider_network_calls: 0
network_calls: 0
gemini_calls: 0
real_world_effects: 0

[PACKAGE INVENTORY]
- airline_crypto_artifact_seal_manifest_v01.json
- airline_crypto_artifact_seal_verification_v01.json
- airline_fare_rules_vertical_cell_llm_canonical_summary.json
- airline_fare_rules_vertical_cell_llm_extracted_json_candidate.json
- airline_fare_rules_vertical_cell_llm_prompt.txt
- airline_fare_rules_vertical_cell_llm_raw_response.txt
- airline_fare_rules_vertical_cell_llm_validation.json
- airline_offer_policy_reviewer_llm_canonical_summary.json
- airline_offer_policy_reviewer_llm_extracted_json_candidate.json
- airline_offer_policy_reviewer_llm_prompt.txt
- airline_offer_policy_reviewer_llm_raw_response.txt
- airline_offer_policy_reviewer_llm_validation.json
- airline_seat_baggage_vertical_cell_llm_canonical_summary.json
- airline_seat_baggage_vertical_cell_llm_extracted_json_candidate.json
- airline_seat_baggage_vertical_cell_llm_prompt.txt
- airline_seat_baggage_vertical_cell_llm_raw_response.txt
- airline_seat_baggage_vertical_cell_llm_validation.json
- airline_ticketing_policy_reviewer_llm_canonical_summary.json
- airline_ticketing_policy_reviewer_llm_extracted_json_candidate.json
- airline_ticketing_policy_reviewer_llm_prompt.txt
- airline_ticketing_policy_reviewer_llm_raw_response.txt
- airline_ticketing_policy_reviewer_llm_validation.json
- airline_transaction_artifact_ledger.json
- bank_idempotency_risk_vertical_cell_llm_canonical_summary.json
- bank_idempotency_risk_vertical_cell_llm_extracted_json_candidate.json
- bank_idempotency_risk_vertical_cell_llm_prompt.txt
- bank_idempotency_risk_vertical_cell_llm_raw_response.txt
- bank_idempotency_risk_vertical_cell_llm_validation.json
- bank_payment_policy_reviewer_llm_canonical_summary.json
- bank_payment_policy_reviewer_llm_extracted_json_candidate.json
- bank_payment_policy_reviewer_llm_prompt.txt
- bank_payment_policy_reviewer_llm_raw_response.txt
- bank_payment_policy_reviewer_llm_validation.json
- bank_payment_status_explainer_llm_canonical_summary.json
- bank_payment_status_explainer_llm_extracted_json_candidate.json
- bank_payment_status_explainer_llm_prompt.txt
- bank_payment_status_explainer_llm_raw_response.txt
- bank_payment_status_explainer_llm_validation.json
- client_profile_privacy_reviewer_llm_canonical_summary.json
- client_profile_privacy_reviewer_llm_extracted_json_candidate.json
- client_profile_privacy_reviewer_llm_prompt.txt
- client_profile_privacy_reviewer_llm_raw_response.txt
- client_profile_privacy_reviewer_llm_validation.json
- client_purchase_intent_reviewer_llm_canonical_summary.json
- client_purchase_intent_reviewer_llm_extracted_json_candidate.json
- client_purchase_intent_reviewer_llm_prompt.txt
- client_purchase_intent_reviewer_llm_raw_response.txt
- client_purchase_intent_reviewer_llm_validation.json
- integrated_deterministic_airline_summary.json
- secret_scan.json
- semantic_to_contract_bridge.json
- semantic_to_contract_causal_run.json
- summary.json
- summary.log
- tri_party_airline_bsep_packet.json
- tri_party_airline_bsep_side_projections.json
- tri_party_airline_bsep_validation.json
- tri_party_airline_orchestrator_llm_canonical_summary.json
- tri_party_airline_orchestrator_llm_extracted_json_candidate.json
- tri_party_airline_orchestrator_llm_prompt.txt
- tri_party_airline_orchestrator_llm_raw_response.txt
- tri_party_airline_orchestrator_llm_validation.json
- tri_party_airline_semantic_architect_llm_canonical_summary.json
- tri_party_airline_semantic_architect_llm_extracted_json_candidate.json
- tri_party_airline_semantic_architect_llm_prompt.txt
- tri_party_airline_semantic_architect_llm_raw_response.txt
- tri_party_airline_semantic_architect_llm_validation.json
- tri_party_evidence_consistency_reviewer_llm_canonical_summary.json
- tri_party_evidence_consistency_reviewer_llm_extracted_json_candidate.json
- tri_party_evidence_consistency_reviewer_llm_prompt.txt
- tri_party_evidence_consistency_reviewer_llm_raw_response.txt
- tri_party_evidence_consistency_reviewer_llm_validation.json

[SOURCE TRANSACTION COUNTS]
semantic_transaction_count: 1
deterministic_airline_collection_count: 1
corridor_execution_count: 1
ledger_collection_count: 1
manifest_core_collection_count: 1
envelope_collection_count: 1
post_collection_snapshot_callback_count: 1
b2b_verification_count: 1

[AUDIT COUNTS]
slice_d_integrated_e1_audit_count: 1
slice_e1_publication_read_only_audit_count: 1
publication_audit_status: PASS

[LEDGER GEOMETRY]
ledger_entry_count: 19
dependency_edge_count: 29
root_final_count: 3
client_root_final_count: 1
airline_root_final_count: 1
bank_root_final_count: 1

[EXACT SOURCE FILE REFS]
- airline_transaction_artifact_ledger.json
- summary.json
- secret_scan.json
- semantic_to_contract_causal_run.json
- semantic_to_contract_bridge.json
- integrated_deterministic_airline_summary.json
- tri_party_airline_bsep_packet.json
- tri_party_airline_bsep_validation.json
- tri_party_airline_bsep_side_projections.json

[JSON PARSER PROFILES]
source_document_json_profile: strict JSON object parsing with finite floats allowed
canonical_seal_json_profile: hedgehog_airline_json_c14n_v01 with floats forbidden
source_summary_real_provider_call_delay_seconds: 0.0
source_summary_float_used_only_as_source_document_data: true
source_float_entered_canonical_seal_object: false

[INDEPENDENT SOURCE FILE HASHES]
- airline_transaction_artifact_ledger.json: 6b733d072dd8ff36ed04ba2a645a6968f3626dda935a8297307afce31899e57a
- summary.json: 4f65c47284ac577b0f859edffd3d4ddbc9a28ebf414fad71f93a544805bcd22f
- secret_scan.json: c2ddc66f3baa0c4f0cc56b4b23d5b771d56cd5714b49918674064c6b718bfb66
- semantic_to_contract_causal_run.json: a4dc092e6701284b9c1e773dc67126dba4298a8f335ee195da159761574401d4
- semantic_to_contract_bridge.json: ce8ddeb20deb3721b4a4e19f7dd6a7bd13d3ebd1c66c18156d9614108aa865f2
- integrated_deterministic_airline_summary.json: 3bd7ea12f57b754608899fcf80975d67233024767fdc05d36701786fcbd6764c
- tri_party_airline_bsep_packet.json: 7256f58de63b325beaf6334e1bad9f397fa707a8759c4aad8e960cae207e96a9
- tri_party_airline_bsep_validation.json: c2dce64ae36c2857a98d7302acc1bfc7475c3c17b277100c93be9abcefc76903
- tri_party_airline_bsep_side_projections.json: 73d75c054389a805589360e5327cd459a522e0b41f9cd2f1fea41f9a871f5521
source_package_hash: 5001bb70ca6841a2ec24c10efbb19452f444f2815887d604a12cb031e6ffd21f
ledger_document_byte_hash: 6b733d072dd8ff36ed04ba2a645a6968f3626dda935a8297307afce31899e57a
source_hash_input_mode: exact bytes without normalization or reserialization

[INDEPENDENT ARTIFACT HASHES]
artifact_hash_count: 19
artifact_hashes_match_manifest_in_order: true

[INDEPENDENT CHAIN]
chain_genesis_hash: 3b6ef93b678d431ea2372e2c8440c6b34ae52696eb75d7f60c17f6e002940548
chain_head_hash: fa0364b7e6b1087612925381eca3e0613d7291450db7c1c3c2a57d9839c05c11
chain_tail_hash: f41057a61eea458e8dc88cfe44bd5168806e2438fca60a29371af587bba19027
chain_link_count: 19
chain_matches_manifest: true

[INDEPENDENT MANIFEST CORE HASH]
manifest_core_hash: 29355a3b2f2b95bd6358d6085a801334d7fd7ca23438e6e2ce0618106edba12b
manifest_core_hash_matches_envelope: true
manifest_core_hash_matches_verification_report: true
manifest_core_contains_self_hash: false

[STORED VERIFICATION REPORT]
verification_status: SELF_CONSISTENT_UNANCHORED
expected_manifest_core_hash: null
external_anchor_supplied: false
external_anchor_verified: false
signature_mode: UNSIGNED_PLACEHOLDER
signature_verified: false
verification_errors: none
anchored_pass_claimed: false

[ANCHOR PUBLICATION]
anchor_document: docs/airline_crypto_artifact_seal_anchor_v01.json
source_package_ref: airline_crypto_artifact_seal_slice_e1_offline_905844c
transaction_id: tri_airline_purchase:PAR-LIM:2026-08-12:client_001
ledger_id: airline_transaction_artifact_ledger:offer:mock_airline_al:PAR-LIM:001
expected_manifest_core_hash: 29355a3b2f2b95bd6358d6085a801334d7fd7ca23438e6e2ce0618106edba12b
chain_tail_hash: f41057a61eea458e8dc88cfe44bd5168806e2438fca60a29371af587bba19027
source_package_hash: 5001bb70ca6841a2ec24c10efbb19452f444f2815887d604a12cb031e6ffd21f
anchor_expected_hash_matches_package_manifest_core_hash: true
anchor_chain_tail_matches_package_chain_tail: true
anchor_source_package_hash_matches_package_source_package_hash: true
anchor_active_only_when_committed: true
anchor_used_for_e1_verification: false
next_gate: airline_crypto_artifact_seal_v01_slice_e2_anchored_audit

[BYTE STABILITY]
bytes_unchanged_after_slice_d_integrated_audit: true
bytes_unchanged_after_publication_read_only_audit: true
bytes_unchanged_after_source_semantic_checks: true
bytes_unchanged_after_crypto_contract_reconstruction: true
bytes_unchanged_after_independent_hash_recomputation: true
bytes_unchanged_before_documentation: true
bytes_unchanged_after_documentation_and_agents: true
final_anchor_package_comparison: PASS
surviving_official_package_count: 1
critical_package_file_count: 11

[SECRET BOUNDARY]
source_secret_scan_passed: true
matched_secret_markers: 0
manifest_secret_markers: 0
verification_secret_markers: 0
raw_prompt_contents_in_publication_audit_log: false
raw_response_contents_in_publication_audit_log: false
credentials_logged: false

[ZERO CRYPTO ADDITIONS]
provider_calls_added_by_crypto: 0
network_calls_added_by_crypto: 0
gemini_calls_added_by_crypto: 0
authority_created_by_crypto: 0
permission_created_by_crypto: 0
action_created_by_crypto: 0
real_world_effects_added_by_crypto: 0

[NON-CLAIMS]
not signer authentication
not PKI
not non-repudiation
not trusted timestamping
not production key management
not production storage security
not anchor provenance authentication
no real payment, ticket, or booking
no Replay

[NEXT GATE]
airline_crypto_artifact_seal_v01_slice_e2_anchored_audit
