===== GIT LOG =====
6caa2c8 Document typed DRS lineage edges checkpoint
19810d2 Add typed DRS lineage edges demo
3cbdb81 Document DRS layer taxonomy checkpoint
fe1c9dc Add DRS layer taxonomy demo
2f7d279 Document compute collapse reuse showcase checkpoint
1d14d6b Add compute collapse reuse showcase
249e22e Document chaos survival showcase checkpoint
b40df01 Add chaos survival showcase
9963bdb Archive milestone audit reports
b2d3797 Document large graph and DRS lineage checkpoints
b0a0959 Add DRS graph proximity lineage demo
f1aedee Add large graph bounded stress runner
291fa05 Document needle outcome GT and DRS routing checkpoint
69ca0fc Add needle outcome DRS routing persistence
ac5ac6e Integrate GTValidator for needle outcomes
dcabf85 Clarify needle outcome GT boundary
3d3d323 Add canonical needle outcome trace
1adec21 Stabilize Root DAG DRS audit writeback
5bb49b4 Refresh README current checkpoint
00c87fa Clarify schema package reference status

===== GIT STATUS =====
?? auditor_reuse_score_report.log
?? demo/run_reuse_score.py
?? tests/test_reuse_score_runner.py

===== REUSESCORE =====
[REUSESCORE]
note: LocalDRS advisory scoring proof only
note: no global DRS
note: no external DRS network
note: no schema refactor in v0.1 unless explicitly needed
note: ReuseScore is advisory/ranking only
note: ReuseScore is not Root
note: ReuseScore is not ReuseGate
note: ReuseScore does not override policy
note: direct reuse policy remains unchanged
note: production ConflictCheck is not implemented

[DATASET]
records_loaded: 10
local_drs_only: true
external_drs_network_implemented: false
global_drs_implemented: false
schema_refactor_performed: false
reuse_score_is_advisory: true
reuse_gate_behavior_changed: false
production_conflict_check_implemented: false

[SCORING MODEL]
compute_model: illustrative_deterministic_reuse_score
real_token_billing_measured: false
policy_gate_applied_after_score: true
high_score_overrides_policy: false
direct_reuse_requires_eligible_work: true
context_memory_does_not_equal_reuse: true

[REUSE CANDIDATES]
record_id | taxonomy_kind | quality | freshness | gt_trust | semantic_similarity | graph_proximity | typed_positive_signal | warning_penalty | blocking_penalty | needs_user_penalty | degraded_penalty | contradiction_penalty | risk_penalty | raw_reuse_score | policy_allowed | direct_reuse_eligible_from_record | direct_reuse_allowed_after_policy | reuse_recommendation | explanation
--- | --- | --- | --- | --- | --- | --- | --- | --- | --- | --- | --- | --- | --- | --- | --- | --- | --- | --- | ---
supportive_work | work_candidate | 0.90 | 0.72 | 0.86 | 0.88 | 0.500000 | 0.333333 | 0.00 | 0.00 | 0.00 | 0.00 | 0.00 | 0.03 | 0.669333 | true | true | true | direct_reuse_candidate | accepted_work_passed_policy_gate
grandchild_work | work_candidate | 0.88 | 0.75 | 0.82 | 0.84 | 0.500000 | 0.333333 | 0.00 | 0.00 | 0.00 | 0.00 | 0.00 | 0.05 | 0.651833 | true | true | true | direct_reuse_candidate | accepted_work_passed_policy_gate
root_work | work_candidate | 0.95 | 0.82 | 0.95 | 0.90 | 1.000000 | 0.333333 | 0.00 | 1.00 | 0.00 | 0.00 | 0.00 | 0.05 | 0.611333 | true | true | true | direct_reuse_candidate | accepted_work_passed_policy_gate
unrelated_fresh_work | work_candidate | 0.86 | 1.00 | 0.78 | 0.70 | 0.000000 | 0.000000 | 0.00 | 0.00 | 0.00 | 0.00 | 0.00 | 0.04 | 0.575000 | true | true | true | direct_reuse_candidate | accepted_work_passed_policy_gate
nearby_blocked_trace | blocked_trace | 0.96 | 0.96 | 0.90 | 0.90 | 0.707107 | 0.000000 | 0.00 | 1.00 | 0.00 | 0.00 | 0.00 | 0.05 | 0.561711 | false | false | false | blocked | policy_or_guard_block_not_success
nearby_dead_end | dead_end | 0.70 | 0.92 | 0.72 | 0.88 | 0.500000 | 0.000000 | 1.00 | 0.00 | 0.00 | 0.00 | 0.00 | 0.10 | 0.484000 | false | false | false | dead_end | taxonomy_filter_dead_end_not_reusable
nearby_degraded_trace | degraded_trace | 0.74 | 0.86 | 0.62 | 0.82 | 0.500000 | 0.000000 | 0.00 | 0.00 | 0.00 | 1.00 | 0.00 | 0.10 | 0.454000 | false | false | false | degraded | degraded_trace_not_stable_success
nearby_needs_user_trace | needs_user_trace | 0.76 | 0.90 | 0.68 | 0.80 | 0.500000 | 0.000000 | 0.00 | 0.00 | 1.00 | 0.00 | 0.00 | 0.08 | 0.427000 | false | false | false | needs_user | missing_permission_or_human_input
nearby_quarantine | quarantine | 0.60 | 0.90 | 0.40 | 0.86 | 0.500000 | 0.000000 | 0.00 | 0.00 | 0.00 | 0.00 | 1.00 | 0.20 | 0.274000 | false | false | false | quarantine | taxonomy_filter_quarantine_not_reusable
child_work | work_candidate | 0.92 | 0.86 | 0.88 | 0.92 | 0.707107 | 1.000000 | 1.00 | 0.00 | 1.00 | 1.00 | 1.00 | 0.04 | 0.239711 | true | true | false | needs_conflict_check | contradiction_signal_requires_future_conflict_check

[POLICY SAFETY]
reuse_score_overrides_policy: false
direct_reuse_policy_unchanged: true
high_score_unsafe_record_reused: false
quarantine_direct_reuse_candidates: 0
deadend_direct_reuse_candidates: 0
blocked_direct_reuse_candidates: 0
degraded_direct_reuse_candidates: 0
needs_user_direct_reuse_candidates: 0
contradiction_auto_reuse_candidates: 0
contradiction_requires_conflict_check: true
only_successful_work_can_be_direct_reuse_candidate: true
Root_authority_preserved: true
ReuseGate_authority_preserved: true

[SUMMARY]
reuse_score_status: PASS
candidates_scored: 10
direct_reuse_candidates_after_policy: 4
unsafe_direct_reuse_candidates: 0
policy_gate_dominates_score: true
typed_edges_used_as_signals: true
graph_proximity_used_as_signal: true
taxonomy_used_as_filter: true
contradiction_does_not_auto_reuse: true
ReuseScore_is_advisory: true
Root_not_bypassed: true
ReuseGate_not_bypassed: true
local_drs_only: true
external_drs_network_implemented: false
global_drs_implemented: false
schema_refactor_performed: false

===== FOCUSED REUSESCORE TESTS =====
============================= test session starts ==============================
platform darwin -- Python 3.14.5, pytest-9.0.3, pluggy-1.6.0
rootdir: /Users/admin/Projects/hedgehog-os
configfile: pyproject.toml
plugins: anyio-4.13.0
collected 112 items

tests/test_reuse_score_runner.py .......................                 [ 20%]
tests/test_typed_drs_lineage_edges_runner.py .........................   [ 42%]
tests/test_drs_layer_taxonomy_runner.py .................                [ 58%]
tests/test_drs_graph_proximity_runner.py ..............                  [ 70%]
tests/test_compute_collapse_reuse_showcase_runner.py .............       [ 82%]
tests/test_reuse_gate_runtime.py .......                                 [ 88%]
tests/test_drs_runtime.py .............                                  [100%]

=============================== warnings summary ===============================
tests/test_drs_runtime.py::test_local_drs_writes_reads_and_validates_work_record
tests/test_drs_runtime.py::test_local_drs_writes_pointer_record
  /Users/admin/Projects/hedgehog-os/tests/test_drs_runtime.py:33: DeprecationWarning: jsonschema.RefResolver is deprecated as of v4.18.0, in favor of the https://github.com/python-jsonschema/referencing library, which provides more compliant referencing behavior as well as more flexible APIs for customization. A future release will remove RefResolver. Please file a feature request (on referencing) if you are missing an API for the kind of customization you need.
    resolver = jsonschema.RefResolver.from_schema(drs_record_schema, store=store)

-- Docs: https://docs.pytest.org/en/stable/how-to/capture-warnings.html
======================= 112 passed, 2 warnings in 0.46s ========================

===== FULL SUITE =====
============================= test session starts ==============================
platform darwin -- Python 3.14.5, pytest-9.0.3, pluggy-1.6.0
rootdir: /Users/admin/Projects/hedgehog-os
configfile: pyproject.toml
testpaths: tests
plugins: anyio-4.13.0
collected 599 items

tests/test_action_permission_runtime.py .......                          [  1%]
tests/test_architect_prompt_compiler_runtime.py ....                     [  1%]
tests/test_architect_runtime.py .....                                    [  2%]
tests/test_avf_runtime.py ..                                             [  3%]
tests/test_candidate_vectors.py ......                                   [  4%]
tests/test_canonical_needle_outcome_trace_runner.py ...............      [  6%]
tests/test_canonical_pipeline_trace_runner.py ..............             [  8%]
tests/test_chaos_survival_showcase_runner.py ...........                 [ 10%]
tests/test_cold_start_benchmark_runner.py ........                       [ 12%]
tests/test_compute_collapse_reuse_showcase_runner.py .............       [ 14%]
tests/test_controlled_orchestrator_dry_run_runner.py ..........          [ 15%]
tests/test_controlled_orchestrator_integration_gate_runner.py .......... [ 17%]
...                                                                      [ 18%]
tests/test_controlled_orchestrator_runtime_prototype_runner.py ......... [ 19%]
....                                                                     [ 20%]
tests/test_controlled_runtime_trace_visibility_runner.py ..........      [ 21%]
tests/test_deadend_memory_demo_runner.py ......                          [ 22%]
tests/test_demo_certificate_runner.py .......                            [ 24%]
tests/test_drs_graph_proximity_runner.py ..............                  [ 26%]
tests/test_drs_layer_taxonomy_runner.py .................                [ 29%]
tests/test_drs_runtime.py .............                                  [ 31%]
tests/test_economics_benchmark_runner.py .........                       [ 32%]
tests/test_executor_runtime.py ...                                       [ 33%]
tests/test_final_renderer_runtime.py ....                                [ 34%]
tests/test_fractal_dag_executor_core_runner.py .............             [ 36%]
tests/test_gemini_orchestrator_architect_pair_smoke_runner.py .......... [ 37%]
                                                                         [ 37%]
tests/test_gt_validator_runtime.py ...................                   [ 41%]
tests/test_input_intake_runtime.py .....                                 [ 41%]
tests/test_intent_route_matrix_runner.py ..........                      [ 43%]
tests/test_large_graph_stress_runner.py .............                    [ 45%]
tests/test_live_controlled_smoke_runner.py ........                      [ 47%]
tests/test_live_gemini_orchestrator_shadow_runner.py ............        [ 49%]
tests/test_llm_architect_runtime.py .................                    [ 51%]
tests/test_llm_gateway_runtime.py .....                                  [ 52%]
tests/test_marenna_up_runtime.py ...                                     [ 53%]
tests/test_mode_router_runtime.py ........                               [ 54%]
tests/test_mode_selection_matrix_runner.py ........                      [ 55%]
tests/test_needle_failure_integration_runner.py .......                  [ 57%]
tests/test_needle_outcome_drs_routing_runner.py ...............          [ 59%]
tests/test_needle_runtime_chaos_runner.py ..........                     [ 61%]
tests/test_needles_valid.py .                                            [ 61%]
tests/test_orchestrator_guard_completeness_runner.py ............        [ 63%]
tests/test_orchestrator_route_validator_runner.py ...........            [ 65%]
tests/test_orchestrator_shadow_mode_runner.py ........                   [ 66%]
tests/test_post_vv_runtime.py .......                                    [ 67%]
tests/test_reasoning_showcase_runner.py .............                    [ 69%]
tests/test_reflex_runtime.py ..........                                  [ 71%]
tests/test_reuse_gate_runtime.py .......                                 [ 72%]
tests/test_reuse_score_runner.py .......................                 [ 76%]
tests/test_root_dag_drs_audit_runner.py .......                          [ 77%]
tests/test_root_dag_integration_runner.py .......                        [ 78%]
tests/test_root_native_canonical_trace_runner.py ..........              [ 80%]
tests/test_root_orchestrator_runtime.py ...................              [ 83%]
tests/test_scenario_benchmark_runner.py ............                     [ 85%]
tests/test_schema_files_valid.py .                                       [ 85%]
tests/test_showcase_runner.py .....                                      [ 86%]
tests/test_telegram_bridge_runtime.py ..                                 [ 87%]
tests/test_telegram_e2e_benchmark_runner.py .........                    [ 88%]
tests/test_telegram_polling_smoke_runner.py ................             [ 91%]
tests/test_telegram_shell_runtime.py .............                       [ 93%]
tests/test_time_model.py ..                                              [ 93%]
tests/test_trace_reporter_runtime.py ............                        [ 95%]
tests/test_typed_drs_lineage_edges_runner.py .........................   [100%]

=============================== warnings summary ===============================
tests/test_architect_runtime.py::test_make_plan_graph_from_attractor_packet_validates_schema
tests/test_architect_runtime.py::test_make_plan_graph_optional_mock_llm_path_validates_schema
  /Users/admin/Projects/hedgehog-os/tests/test_architect_runtime.py:32: DeprecationWarning: jsonschema.RefResolver is deprecated as of v4.18.0, in favor of the https://github.com/python-jsonschema/referencing library, which provides more compliant referencing behavior as well as more flexible APIs for customization. A future release will remove RefResolver. Please file a feature request (on referencing) if you are missing an API for the kind of customization you need.
    resolver = jsonschema.RefResolver.from_schema(plan_graph_schema, store=store)

tests/test_avf_runtime.py::test_build_attractor_packet_filters_forbidden_vectors_and_validates_schema
  /Users/admin/Projects/hedgehog-os/tests/test_avf_runtime.py:30: DeprecationWarning: jsonschema.RefResolver is deprecated as of v4.18.0, in favor of the https://github.com/python-jsonschema/referencing library, which provides more compliant referencing behavior as well as more flexible APIs for customization. A future release will remove RefResolver. Please file a feature request (on referencing) if you are missing an API for the kind of customization you need.
    resolver = jsonschema.RefResolver.from_schema(attractor_schema, store=store)

tests/test_demo_certificate_runner.py::test_certificate_demo_gemini_architect_scenario_is_registered_with_safe_failure
  /Users/admin/Projects/hedgehog-os/.venv/lib/python3.14/site-packages/google/genai/types.py:42: DeprecationWarning: '_UnionGenericAlias' is deprecated and slated for removal in Python 3.17
    VersionedUnionType = Union[builtin_types.UnionType, _UnionGenericAlias]

tests/test_drs_runtime.py::test_local_drs_writes_reads_and_validates_work_record
tests/test_drs_runtime.py::test_local_drs_writes_pointer_record
  /Users/admin/Projects/hedgehog-os/tests/test_drs_runtime.py:33: DeprecationWarning: jsonschema.RefResolver is deprecated as of v4.18.0, in favor of the https://github.com/python-jsonschema/referencing library, which provides more compliant referencing behavior as well as more flexible APIs for customization. A future release will remove RefResolver. Please file a feature request (on referencing) if you are missing an API for the kind of customization you need.
    resolver = jsonschema.RefResolver.from_schema(drs_record_schema, store=store)

tests/test_executor_runtime.py::test_execute_plan_graph_returns_schema_valid_result_proposals
  /Users/admin/Projects/hedgehog-os/tests/test_executor_runtime.py:37: DeprecationWarning: jsonschema.RefResolver is deprecated as of v4.18.0, in favor of the https://github.com/python-jsonschema/referencing library, which provides more compliant referencing behavior as well as more flexible APIs for customization. A future release will remove RefResolver. Please file a feature request (on referencing) if you are missing an API for the kind of customization you need.
    resolver = jsonschema.RefResolver.from_schema(result_proposal_schema, store=store)

tests/test_gt_validator_runtime.py: 17 warnings
  /Users/admin/Projects/hedgehog-os/tests/test_gt_validator_runtime.py:41: DeprecationWarning: jsonschema.RefResolver is deprecated as of v4.18.0, in favor of the https://github.com/python-jsonschema/referencing library, which provides more compliant referencing behavior as well as more flexible APIs for customization. A future release will remove RefResolver. Please file a feature request (on referencing) if you are missing an API for the kind of customization you need.
    resolver = jsonschema.RefResolver.from_schema(gt_report_schema, store=store)

tests/test_llm_architect_runtime.py::test_mock_llm_architect_returns_valid_plan_graph
  /Users/admin/Projects/hedgehog-os/tests/test_llm_architect_runtime.py:35: DeprecationWarning: jsonschema.RefResolver is deprecated as of v4.18.0, in favor of the https://github.com/python-jsonschema/referencing library, which provides more compliant referencing behavior as well as more flexible APIs for customization. A future release will remove RefResolver. Please file a feature request (on referencing) if you are missing an API for the kind of customization you need.
    resolver = jsonschema.RefResolver.from_schema(plan_graph_schema, store=store)

tests/test_marenna_up_runtime.py::test_marenna_after_task_record_validates_and_stays_quarantined
tests/test_marenna_up_runtime.py::test_up_after_task_record_validates_and_stays_quarantined
  /Users/admin/Projects/hedgehog-os/tests/test_marenna_up_runtime.py:42: DeprecationWarning: jsonschema.RefResolver is deprecated as of v4.18.0, in favor of the https://github.com/python-jsonschema/referencing library, which provides more compliant referencing behavior as well as more flexible APIs for customization. A future release will remove RefResolver. Please file a feature request (on referencing) if you are missing an API for the kind of customization you need.
    resolver = jsonschema.RefResolver.from_schema(target_schema, store=store)

tests/test_needles_valid.py::test_needle_files_and_declared_vectors_are_valid
  /Users/admin/Projects/hedgehog-os/tests/test_needles_valid.py:53: DeprecationWarning: jsonschema.RefResolver is deprecated as of v4.18.0, in favor of the https://github.com/python-jsonschema/referencing library, which provides more compliant referencing behavior as well as more flexible APIs for customization. A future release will remove RefResolver. Please file a feature request (on referencing) if you are missing an API for the kind of customization you need.
    resolver = jsonschema.RefResolver.from_schema(candidate_schema, store=store)

tests/test_needles_valid.py::test_needle_files_and_declared_vectors_are_valid
  /Users/admin/Projects/hedgehog-os/tests/test_needles_valid.py:67: DeprecationWarning: jsonschema.RefResolver is deprecated as of v4.18.0, in favor of the https://github.com/python-jsonschema/referencing library, which provides more compliant referencing behavior as well as more flexible APIs for customization. A future release will remove RefResolver. Please file a feature request (on referencing) if you are missing an API for the kind of customization you need.
    resolver = jsonschema.RefResolver.from_schema(needle_schema, store=store)

tests/test_post_vv_runtime.py::test_validate_demo_result_proposals_are_task_aware_and_schema_valid
  /Users/admin/Projects/hedgehog-os/tests/test_post_vv_runtime.py:34: DeprecationWarning: jsonschema.RefResolver is deprecated as of v4.18.0, in favor of the https://github.com/python-jsonschema/referencing library, which provides more compliant referencing behavior as well as more flexible APIs for customization. A future release will remove RefResolver. Please file a feature request (on referencing) if you are missing an API for the kind of customization you need.
    resolver = jsonschema.RefResolver.from_schema(vv_report_schema, store=store)

tests/test_root_orchestrator_runtime.py::test_root_orchestrator_creates_valid_final_output_and_work_record
tests/test_root_orchestrator_runtime.py::test_root_orchestrator_generic_math_routes_to_llm_general_not_certificate_pipeline
tests/test_root_orchestrator_runtime.py::test_root_orchestrator_optional_mock_llm_architect_still_creates_final_output
tests/test_root_orchestrator_runtime.py::test_root_orchestrator_direct_reuse_enabled_skips_architect_and_executor
tests/test_root_orchestrator_runtime.py::test_root_orchestrator_reflex_turn_on_tv_skips_architect_and_executor
tests/test_root_orchestrator_runtime.py::test_root_orchestrator_reflex_order_pizza_blocks_without_confirmation
tests/test_root_orchestrator_runtime.py::test_root_orchestrator_reflex_order_pizza_confirmed_is_mock_success
  /Users/admin/Projects/hedgehog-os/tests/test_root_orchestrator_runtime.py:34: DeprecationWarning: jsonschema.RefResolver is deprecated as of v4.18.0, in favor of the https://github.com/python-jsonschema/referencing library, which provides more compliant referencing behavior as well as more flexible APIs for customization. A future release will remove RefResolver. Please file a feature request (on referencing) if you are missing an API for the kind of customization you need.
    resolver = jsonschema.RefResolver.from_schema(final_output_schema, store=store)

-- Docs: https://docs.pytest.org/en/stable/how-to/capture-warnings.html
====================== 599 passed, 37 warnings in 15.75s =======================

===== FINAL GIT STATUS =====
?? auditor_reuse_score_report.log
?? demo/run_reuse_score.py
?? tests/test_reuse_score_runner.py
